Component: ARM Compiler 5.06 update 5 (build 528) Tool: armlink [4d35e2]

==============================================================================

Section Cross References

    cgifuncs.o(i.DecodeFormString) refers to cgifuncs.o(i.DecodeHexEscape) for DecodeHexEscape
    cgifuncs.o(i.DecodeHexEscape) refers to cgifuncs.o(i.IsValidHexDigit) for IsValidHexDigit
    cgifuncs.o(i.DecodeHexEscape) refers to cgifuncs.o(i.HexDigit) for HexDigit
    cgifuncs.o(i.EncodeFormString) refers to ustdlib.o(i.usnprintf) for usnprintf
    cgifuncs.o(i.FindCGIParameter) refers to strcmp.o(.text) for strcmp
    cgifuncs.o(i.GetCGIParam) refers to cgifuncs.o(i.FindCGIParameter) for FindCGIParameter
    cgifuncs.o(i.GetCGIParam) refers to cgifuncs.o(i.CheckDecimalParam) for CheckDecimalParam
    display_task.o(i.DisplayDraw) refers to queue.o(i.xQueueGenericSend) for xQueueGenericSend
    display_task.o(i.DisplayDraw) refers to display_task.o(.data) for .data
    display_task.o(i.DisplayImage) refers to queue.o(i.xQueueGenericSend) for xQueueGenericSend
    display_task.o(i.DisplayImage) refers to display_task.o(.data) for .data
    display_task.o(i.DisplayMove) refers to queue.o(i.xQueueGenericSend) for xQueueGenericSend
    display_task.o(i.DisplayMove) refers to display_task.o(.data) for .data
    display_task.o(i.DisplayString) refers to queue.o(i.xQueueGenericSend) for xQueueGenericSend
    display_task.o(i.DisplayString) refers to display_task.o(.data) for .data
    display_task.o(i.DisplayTask) refers to context.o(i.GrContextInit) for GrContextInit
    display_task.o(i.DisplayTask) refers to string.o(i.GrContextFontSet) for GrContextFontSet
    display_task.o(i.DisplayTask) refers to queue.o(i.xQueueGenericReceive) for xQueueGenericReceive
    display_task.o(i.DisplayTask) refers to line.o(i.GrLineDraw) for GrLineDraw
    display_task.o(i.DisplayTask) refers to image.o(i.GrImageDraw) for GrImageDraw
    display_task.o(i.DisplayTask) refers to string.o(i.GrStringDraw) for GrStringDraw
    display_task.o(i.DisplayTask) refers to kentec320x240x16_ssd2119.o(.constdata) for g_sKentec320x240x16_SSD2119
    display_task.o(i.DisplayTask) refers to fontfixed6x8.o(.constdata) for g_sFontFixed6x8
    display_task.o(i.DisplayTask) refers to display_task.o(.data) for .data
    display_task.o(i.DisplayTaskInit) refers to queue.o(i.xQueueGenericCreate) for xQueueGenericCreate
    display_task.o(i.DisplayTaskInit) refers to tasks.o(i.xTaskGenericCreate) for xTaskGenericCreate
    display_task.o(i.DisplayTaskInit) refers to display_task.o(.data) for .data
    display_task.o(i.DisplayTaskInit) refers to display_task.o(i.DisplayTask) for DisplayTask
    frame.o(i.FrameDraw) refers to context.o(i.GrContextClipRegionSet) for GrContextClipRegionSet
    frame.o(i.FrameDraw) refers to image.o(i.GrImageDraw) for GrImageDraw
    frame.o(i.FrameDraw) refers to string.o(i.GrContextFontSet) for GrContextFontSet
    frame.o(i.FrameDraw) refers to string.o(i.GrFontBaselineGet) for GrFontBaselineGet
    frame.o(i.FrameDraw) refers to string.o(i.GrStringWidthGet) for GrStringWidthGet
    frame.o(i.FrameDraw) refers to string.o(i.GrStringDraw) for GrStringDraw
    frame.o(i.FrameDraw) refers to frame.o(.constdata) for .constdata
    frame.o(i.FrameDraw) refers to fontcmss18b.o(.constdata) for g_sFontCmss18b
    freertos_demo.o(i.main) refers to sysctl.o(i.SysCtlClockFreqSet) for SysCtlClockFreqSet
    freertos_demo.o(i.main) refers to pinout.o(i.PinoutSet) for PinoutSet
    freertos_demo.o(i.main) refers to kentec320x240x16_ssd2119.o(i.Kentec320x240x16_SSD2119Init) for Kentec320x240x16_SSD2119Init
    freertos_demo.o(i.main) refers to context.o(i.GrContextInit) for GrContextInit
    freertos_demo.o(i.main) refers to frame.o(i.FrameDraw) for FrameDraw
    freertos_demo.o(i.main) refers to sysctl.o(i.SysCtlMOSCConfigSet) for SysCtlMOSCConfigSet
    freertos_demo.o(i.main) refers to display_task.o(i.DisplayTaskInit) for DisplayTaskInit
    freertos_demo.o(i.main) refers to string.o(i.GrFontBaselineGet) for GrFontBaselineGet
    freertos_demo.o(i.main) refers to string.o(i.GrStringWidthGet) for GrStringWidthGet
    freertos_demo.o(i.main) refers to string.o(i.GrStringDraw) for GrStringDraw
    freertos_demo.o(i.main) refers to spider_task.o(i.SpiderTaskInit) for SpiderTaskInit
    freertos_demo.o(i.main) refers to led_task.o(i.LEDTaskInit) for LEDTaskInit
    freertos_demo.o(i.main) refers to lwip_task.o(i.lwIPTaskInit) for lwIPTaskInit
    freertos_demo.o(i.main) refers to tasks.o(i.vTaskStartScheduler) for vTaskStartScheduler
    freertos_demo.o(i.main) refers to freertos_demo.o(.data) for .data
    freertos_demo.o(i.main) refers to kentec320x240x16_ssd2119.o(.constdata) for g_sKentec320x240x16_SSD2119
    freertos_demo.o(i.vApplicationStackOverflowHook) refers to context.o(i.GrContextInit) for GrContextInit
[...]
    GrMapISO8859_1_Unicode                   0x000018d3   Thumb Code     8  charmap.o(i.GrMapISO8859_1_Unicode)
    GrStringDraw                             0x000018db   Thumb Code    32  string.o(i.GrStringDraw)
    GrStringWidthGet                         0x000018fb   Thumb Code   192  string.o(i.GrStringWidthGet)
    InitDMADescriptors                       0x000019bd   Thumb Code   168  lwiplib.o(i.InitDMADescriptors)
    IntEnable                                0x00001a79   Thumb Code    92  interrupt.o(i.IntEnable)
    IntMasterEnable                          0x00001add   Thumb Code    14  interrupt.o(i.IntMasterEnable)
    IntPrioritySet                           0x00001aed   Thumb Code    36  interrupt.o(i.IntPrioritySet)
    Kentec320x240x16_SSD2119Init             0x00001eb1   Thumb Code   660  kentec320x240x16_ssd2119.o(i.Kentec320x240x16_SSD2119Init)
    LCDDMAConfigSet                          0x000023e3   Thumb Code     4  lcd.o(i.LCDDMAConfigSet)
    LCDIDDCommandWrite                       0x000023e7   Thumb Code    12  lcd.o(i.LCDIDDCommandWrite)
    LCDIDDConfigSet                          0x000023f3   Thumb Code     4  lcd.o(i.LCDIDDConfigSet)
    LCDIDDDataWrite                          0x000023f7   Thumb Code    12  lcd.o(i.LCDIDDDataWrite)
    LCDIDDTimingSet                          0x00002403   Thumb Code    60  lcd.o(i.LCDIDDTimingSet)
    LCDModeSet                               0x0000243f   Thumb Code    38  lcd.o(i.LCDModeSet)
    LEDTaskInit                              0x000024a9   Thumb Code    54  led_task.o(i.LEDTaskInit)
    LocatorAppTitleSet                       0x000024ed   Thumb Code    42  locator.o(i.LocatorAppTitleSet)
    LocatorInit                              0x0000251d   Thumb Code    68  locator.o(i.LocatorInit)
    LocatorMACAddrSet                        0x0000256d   Thumb Code    28  locator.o(i.LocatorMACAddrSet)
    PinoutSet                                0x00002615   Thumb Code   880  pinout.o(i.PinoutSet)
    RandomAddEntropy                         0x00002cc1   Thumb Code    18  random.o(i.RandomAddEntropy)
    RandomNumber                             0x00002cdd   Thumb Code    16  random.o(i.RandomNumber)
    RandomSeed                               0x00002cf9   Thumb Code   332  random.o(i.RandomSeed)
    SetupServices                            0x00002ea5   Thumb Code    68  lwip_task.o(i.SetupServices)
    SpiderSpeedSet                           0x00002fc9   Thumb Code    36  spider_task.o(i.SpiderSpeedSet)
    SpiderTaskInit                           0x00003155   Thumb Code   118  spider_task.o(i.SpiderTaskInit)
    SysCtlClockFreqSet                       0x000032d1   Thumb Code   706  sysctl.o(i.SysCtlClockFreqSet)
    SysCtlMOSCConfigSet                      0x000035bd   Thumb Code     6  sysctl.o(i.SysCtlMOSCConfigSet)
    SysCtlPeripheralEnable                   0x000035c9   Thumb Code    36  sysctl.o(i.SysCtlPeripheralEnable)
    SysCtlPeripheralReady                    0x000035f1   Thumb Code    40  sysctl.o(i.SysCtlPeripheralReady)
    SysCtlPeripheralReset                    0x0000361d   Thumb Code    56  sysctl.o(i.SysCtlPeripheralReset)
    TimerControlTrigger                      0x00003659   Thumb Code    70  timer.o(i.TimerControlTrigger)
    TouchScreenCallbackSet                   0x00003705   Thumb Code     6  touch.o(i.TouchScreenCallbackSet)
    TouchScreenInit                          0x0000386d   Thumb Code   180  touch.o(i.TouchScreenInit)
    TouchScreenIntHandler                    0x00003939   Thumb Code   290  touch.o(i.TouchScreenIntHandler)
    __scatterload_copy                       0x00003b25   Thumb Code    14  handlers.o(i.__scatterload_copy)
    __scatterload_null                       0x00003b33   Thumb Code     2  handlers.o(i.__scatterload_null)
    __scatterload_zeroinit                   0x00003b35   Thumb Code    14  handlers.o(i.__scatterload_zeroinit)
    autoip_arp_reply                         0x00003b89   Thumb Code   124  lwiplib.o(i.autoip_arp_reply)
    autoip_network_changed                   0x00003c05   Thumb Code    34  lwiplib.o(i.autoip_network_changed)
    autoip_start                             0x00003c35   Thumb Code   128  lwiplib.o(i.autoip_start)
    autoip_stop                              0x00003d05   Thumb Code    16  lwiplib.o(i.autoip_stop)
    autoip_tmr                               0x00003d2d   Thumb Code   264  lwiplib.o(i.autoip_tmr)
    dhcp_arp_reply                           0x00003e3d   Thumb Code    30  lwiplib.o(i.dhcp_arp_reply)
    dhcp_coarse_tmr                          0x00003f5d   Thumb Code    90  lwiplib.o(i.dhcp_coarse_tmr)
    dhcp_fine_tmr                            0x00004235   Thumb Code    46  lwiplib.o(i.dhcp_fine_tmr)
    dhcp_network_changed                     0x000042c1   Thumb Code    84  lwiplib.o(i.dhcp_network_changed)
    dhcp_release                             0x00004805   Thumb Code   160  lwiplib.o(i.dhcp_release)
    dhcp_renew                               0x000048a9   Thumb Code   132  lwiplib.o(i.dhcp_renew)
    dhcp_start                               0x00004a1d   Thumb Code   152  lwiplib.o(i.dhcp_start)
    dhcp_stop                                0x00004abd   Thumb Code    62  lwiplib.o(i.dhcp_stop)
    etharp_cleanup_netif                     0x00004ce1   Thumb Code    42  lwiplib.o(i.etharp_cleanup_netif)
    etharp_output                            0x00004e25   Thumb Code   274  lwiplib.o(i.etharp_output)
    etharp_query                             0x00004f8d   Thumb Code   262  lwiplib.o(i.etharp_query)
    etharp_raw                               0x000050a1   Thumb Code   184  lwiplib.o(i.etharp_raw)
    etharp_request                           0x00005161   Thumb Code    32  lwiplib.o(i.etharp_request)
    etharp_tmr                               0x000051a5   Thumb Code    66  lwiplib.o(i.etharp_tmr)
    ethernet_input                           0x00005269   Thumb Code   156  lwiplib.o(i.ethernet_input)
    fs_bytes_left                            0x00005375   Thumb Code     8  fs.o(i.fs_bytes_left)
    fs_close                                 0x0000537d   Thumb Code    22  fs.o(i.fs_close)
    fs_open                                  0x00005395   Thumb Code    70  fs.o(i.fs_open)
    fs_read                                  0x000053e1   Thumb Code    52  fs.o(i.fs_read)
    http_set_cgi_handlers                    0x00005df5   Thumb Code     8  httpd.o(i.http_set_cgi_handlers)
    http_set_ssi_handler                     0x00005e01   Thumb Code    10  httpd.o(i.http_set_ssi_handler)
    httpd_init                               0x00005e75   Thumb Code    54  httpd.o(i.httpd_init)
    icmp_dest_unreach                        0x00005eb5   Thumb Code     8  lwiplib.o(i.icmp_dest_unreach)
    icmp_input                               0x00005ebd   Thumb Code   344  lwiplib.o(i.icmp_input)
    inet_chksum                              0x00006091   Thumb Code    12  lwiplib.o(i.inet_chksum)
    inet_chksum_pbuf                         0x0000609d   Thumb Code    72  lwiplib.o(i.inet_chksum_pbuf)
    ip4_addr_isbroadcast                     0x000060e5   Thumb Code    46  lwiplib.o(i.ip4_addr_isbroadcast)
    ip_input                                 0x00006115   Thumb Code   488  lwiplib.o(i.ip_input)
    ip_output                                0x00006305   Thumb Code    60  lwiplib.o(i.ip_output)
    ip_output_if                             0x00006345   Thumb Code   144  lwiplib.o(i.ip_output_if)
    ip_route                                 0x000063dd   Thumb Code    62  lwiplib.o(i.ip_route)
    lwIPEthernetIntHandler                   0x00006425   Thumb Code   142  lwiplib.o(i.lwIPEthernetIntHandler)
    lwIPInit                                 0x000064c5   Thumb Code   182  lwiplib.o(i.lwIPInit)
    lwIPLocalIPAddrGet                       0x00006659   Thumb Code    18  lwiplib.o(i.lwIPLocalIPAddrGet)
    lwIPLocalMACGet                          0x00006675   Thumb Code    18  lwiplib.o(i.lwIPLocalMACGet)
    lwIPTaskInit                             0x0000673d   Thumb Code   114  lwip_task.o(i.lwIPTaskInit)
    lwip_init                                0x000067b9   Thumb Code    22  lwiplib.o(i.lwip_init)
    main                                     0x00006825   Thumb Code   502  freertos_demo.o(i.main)
    mem_free                                 0x00006ad5   Thumb Code   102  lwiplib.o(i.mem_free)
    mem_init                                 0x00006b49   Thumb Code    58  lwiplib.o(i.mem_init)
    mem_malloc                               0x00006b95   Thumb Code   242  lwiplib.o(i.mem_malloc)
    mem_trim                                 0x00006c95   Thumb Code   238  lwiplib.o(i.mem_trim)
    memp_free                                0x00006d91   Thumb Code    56  lwiplib.o(i.memp_free)
    memp_init                                0x00006dd1   Thumb Code   108  lwiplib.o(i.memp_init)
    memp_malloc                              0x00006e49   Thumb Code    82  lwiplib.o(i.memp_malloc)
    netif_add                                0x00006ea5   Thumb Code    72  lwiplib.o(i.netif_add)
    netif_set_addr                           0x00006ef1   Thumb Code    32  lwiplib.o(i.netif_set_addr)
    netif_set_down                           0x00006f11   Thumb Code    26  lwiplib.o(i.netif_set_down)
    netif_set_gw                             0x00006f2b   Thumb Code     8  lwiplib.o(i.netif_set_gw)
    netif_set_ipaddr                         0x00006f35   Thumb Code   112  lwiplib.o(i.netif_set_ipaddr)
    netif_set_link_down                      0x00006fa9   Thumb Code    18  lwiplib.o(i.netif_set_link_down)
    netif_set_link_up                        0x00006fbb   Thumb Code    66  lwiplib.o(i.netif_set_link_up)
    netif_set_netmask                        0x00006ffd   Thumb Code     8  lwiplib.o(i.netif_set_netmask)
    netif_set_up                             0x00007005   Thumb Code    32  lwiplib.o(i.netif_set_up)
    pbuf_alloc                               0x00007025   Thumb Code   284  lwiplib.o(i.pbuf_alloc)
    pbuf_cat                                 0x00007141   Thumb Code    40  lwiplib.o(i.pbuf_cat)
    pbuf_chain                               0x00007169   Thumb Code    18  lwiplib.o(i.pbuf_chain)
    pbuf_clen                                0x0000717b   Thumb Code    18  lwiplib.o(i.pbuf_clen)
    pbuf_copy                                0x0000718d   Thumb Code   154  lwiplib.o(i.pbuf_copy)
    pbuf_copy_partial                        0x00007227   Thumb Code   104  lwiplib.o(i.pbuf_copy_partial)
    pbuf_free                                0x0000728f   Thumb Code    82  lwiplib.o(i.pbuf_free)
    pbuf_header                              0x0000730d   Thumb Code    96  lwiplib.o(i.pbuf_header)
    pbuf_realloc                             0x000073ad   Thumb Code    78  lwiplib.o(i.pbuf_realloc)
    pbuf_ref                                 0x000073fb   Thumb Code    26  lwiplib.o(i.pbuf_ref)
    pvPortMalloc                             0x00007629   Thumb Code   172  heap_2.o(i.pvPortMalloc)
    pvTaskIncrementMutexHeldCount            0x000076dd   Thumb Code    18  tasks.o(i.pvTaskIncrementMutexHeldCount)
    pxPortInitialiseStack                    0x000076f5   Thumb Code    36  port.o(i.pxPortInitialiseStack)
    raw_input                                0x0000771d   Thumb Code   108  lwiplib.o(i.raw_input)
    sys_arch_mbox_fetch                      0x000077cd   Thumb Code    80  lwiplib.o(i.sys_arch_mbox_fetch)
    sys_arch_sem_wait                        0x0000781d   Thumb Code    66  lwiplib.o(i.sys_arch_sem_wait)
    sys_init                                 0x00007891   Thumb Code    66  lwiplib.o(i.sys_init)
    sys_mbox_new                             0x000078dd   Thumb Code   118  lwiplib.o(i.sys_mbox_new)
    sys_mbox_post                            0x00007959   Thumb Code    26  lwiplib.o(i.sys_mbox_post)
    sys_mbox_trypost                         0x00007975   Thumb Code    40  lwiplib.o(i.sys_mbox_trypost)
    sys_mbox_valid                           0x000079a1   Thumb Code    10  lwiplib.o(i.sys_mbox_valid)
    sys_sem_new                              0x000079ad   Thumb Code   128  lwiplib.o(i.sys_sem_new)
    sys_sem_signal                           0x00007a35   Thumb Code    16  lwiplib.o(i.sys_sem_signal)
    sys_thread_new                           0x00007a45   Thumb Code   130  lwiplib.o(i.sys_thread_new)
    sys_timeout                              0x00007ad1   Thumb Code    88  lwiplib.o(i.sys_timeout)
    sys_timeouts_init                        0x00007b2d   Thumb Code    52  lwiplib.o(i.sys_timeouts_init)
    sys_timeouts_mbox_fetch                  0x00007b71   Thumb Code    96  lwiplib.o(i.sys_timeouts_mbox_fetch)
    sys_untimeout                            0x00007bd5   Thumb Code    68  lwiplib.o(i.sys_untimeout)
    tcp_abandon                              0x00007c1d   Thumb Code   144  lwiplib.o(i.tcp_abandon)
    tcp_abort                                0x00007cb1   Thumb Code     6  lwiplib.o(i.tcp_abort)
    tcp_accept                               0x00007cb7   Thumb Code     4  lwiplib.o(i.tcp_accept)
    tcp_alloc                                0x00007cc1   Thumb Code   264  lwiplib.o(i.tcp_alloc)
    tcp_arg                                  0x00007dd9   Thumb Code     4  lwiplib.o(i.tcp_arg)
    tcp_bind                                 0x00007ddd   Thumb Code   118  lwiplib.o(i.tcp_bind)
    tcp_close                                0x00007e5d   Thumb Code    20  lwiplib.o(i.tcp_close)
    tcp_eff_send_mss                         0x00008035   Thumb Code    32  lwiplib.o(i.tcp_eff_send_mss)
    tcp_enqueue_flags                        0x00008055   Thumb Code   204  lwiplib.o(i.tcp_enqueue_flags)
    tcp_err                                  0x00008125   Thumb Code     6  lwiplib.o(i.tcp_err)
    tcp_fasttmr                              0x0000812d   Thumb Code    88  lwiplib.o(i.tcp_fasttmr)
    tcp_input                                0x00008189   Thumb Code   800  lwiplib.o(i.tcp_input)
    tcp_keepalive                            0x000084b5   Thumb Code    66  lwiplib.o(i.tcp_keepalive)
    tcp_listen_with_backlog                  0x000085e5   Thumb Code   126  lwiplib.o(i.tcp_listen_with_backlog)
    tcp_new                                  0x0000866d   Thumb Code     6  lwiplib.o(i.tcp_new)
    tcp_next_iss                             0x000086d1   Thumb Code    12  lwiplib.o(i.tcp_next_iss)
    tcp_output                               0x00008751   Thumb Code   336  lwiplib.o(i.tcp_output)
    tcp_pcb_purge                            0x00008a73   Thumb Code    66  lwiplib.o(i.tcp_pcb_purge)
    tcp_pcb_remove                           0x00008ab5   Thumb Code    84  lwiplib.o(i.tcp_pcb_remove)
    tcp_poll                                 0x00008b0d   Thumb Code    10  lwiplib.o(i.tcp_poll)
    tcp_process_refused_data                 0x00008e29   Thumb Code   102  lwiplib.o(i.tcp_process_refused_data)
    tcp_recv                                 0x000094e5   Thumb Code     6  lwiplib.o(i.tcp_recv)
    tcp_recv_null                            0x000094eb   Thumb Code    36  lwiplib.o(i.tcp_recv_null)
    tcp_recved                               0x0000950f   Thumb Code    54  lwiplib.o(i.tcp_recved)
    tcp_rexmit                               0x00009545   Thumb Code    68  lwiplib.o(i.tcp_rexmit)
    tcp_rexmit_fast                          0x00009589   Thumb Code    88  lwiplib.o(i.tcp_rexmit_fast)
    tcp_rexmit_rto                           0x000095e1   Thumb Code    46  lwiplib.o(i.tcp_rexmit_rto)
    tcp_rst                                  0x00009611   Thumb Code   110  lwiplib.o(i.tcp_rst)
    tcp_seg_copy                             0x00009685   Thumb Code    36  lwiplib.o(i.tcp_seg_copy)
    tcp_seg_free                             0x000096a9   Thumb Code    28  lwiplib.o(i.tcp_seg_free)
    tcp_segs_free                            0x000096c5   Thumb Code    18  lwiplib.o(i.tcp_segs_free)
    tcp_send_empty_ack                       0x000096d7   Thumb Code    66  lwiplib.o(i.tcp_send_empty_ack)
    tcp_send_fin                             0x00009719   Thumb Code    50  lwiplib.o(i.tcp_send_fin)
    tcp_sent                                 0x0000974b   Thumb Code     4  lwiplib.o(i.tcp_sent)
    tcp_setprio                              0x0000974f   Thumb Code     4  lwiplib.o(i.tcp_setprio)
    tcp_slowtmr                              0x00009755   Thumb Code   626  lwiplib.o(i.tcp_slowtmr)
    tcp_timer_needed                         0x000099d5   Thumb Code    32  lwiplib.o(i.tcp_timer_needed)
    tcp_tmr                                  0x00009a5d   Thumb Code    28  lwiplib.o(i.tcp_tmr)
    tcp_update_rcv_ann_wnd                   0x00009a7d   Thumb Code    52  lwiplib.o(i.tcp_update_rcv_ann_wnd)
    tcp_write                                0x00009ab1   Thumb Code   752  lwiplib.o(i.tcp_write)
    tcp_zero_window_probe                    0x00009da5   Thumb Code   140  lwiplib.o(i.tcp_zero_window_probe)
    tcpip_callback_with_block                0x00009e35   Thumb Code    88  lwiplib.o(i.tcpip_callback_with_block)
    tcpip_init                               0x00009e91   Thumb Code    44  lwiplib.o(i.tcpip_init)
    tcpip_input                              0x00009ed9   Thumb Code    70  lwiplib.o(i.tcpip_input)
    tivaif_init                              0x0000a089   Thumb Code    40  lwiplib.o(i.tivaif_init)
    tivaif_interrupt                         0x0000a0bd   Thumb Code    68  lwiplib.o(i.tivaif_interrupt)
    tivaif_process_phy_interrupt             0x0000a105   Thumb Code   122  lwiplib.o(i.tivaif_process_phy_interrupt)
    udp_bind                                 0x0000a4c1   Thumb Code   148  lwiplib.o(i.udp_bind)
    udp_connect                              0x0000a559   Thumb Code    70  lwiplib.o(i.udp_connect)
    udp_input                                0x0000a5a5   Thumb Code   410  lwiplib.o(i.udp_input)
    udp_new                                  0x0000a749   Thumb Code    26  lwiplib.o(i.udp_new)
    udp_recv                                 0x0000a763   Thumb Code     6  lwiplib.o(i.udp_recv)
    udp_remove                               0x0000a769   Thumb Code    40  lwiplib.o(i.udp_remove)
    udp_sendto                               0x0000a795   Thumb Code    50  lwiplib.o(i.udp_sendto)
    udp_sendto_if                            0x0000a7cd   Thumb Code   178  lwiplib.o(i.udp_sendto_if)
    usnprintf                                0x0000a885   Thumb Code    18  ustdlib.o(i.usnprintf)
    ustrncpy                                 0x0000a897   Thumb Code    36  ustdlib.o(i.ustrncpy)
    uvsnprintf                               0x0000a8bd   Thumb Code   580  ustdlib.o(i.uvsnprintf)
    uxListRemove                             0x0000ab0d   Thumb Code    36  list.o(i.uxListRemove)
    uxTaskGetNumberOfTasks                   0x0000ab31   Thumb Code     6  tasks.o(i.uxTaskGetNumberOfTasks)
    vApplicationIdleHook                     0x0000ab3d   Thumb Code   500  idle_task.o(i.vApplicationIdleHook)
    vApplicationStackOverflowHook            0x0000ad61   Thumb Code   122  freertos_demo.o(i.vApplicationStackOverflowHook)
    vListInitialise                          0x0000adfd   Thumb Code    22  list.o(i.vListInitialise)
    vListInitialiseItem                      0x0000ae13   Thumb Code     6  list.o(i.vListInitialiseItem)
    vListInsert                              0x0000ae19   Thumb Code    48  list.o(i.vListInsert)
    vListInsertEnd                           0x0000ae49   Thumb Code    24  list.o(i.vListInsertEnd)
    vPortEnterCritical                       0x0000ae61   Thumb Code    24  port.o(i.vPortEnterCritical)
    vPortExitCritical                        0x0000ae7d   Thumb Code    16  port.o(i.vPortExitCritical)
    vPortFree                                0x0000ae91   Thumb Code    56  heap_2.o(i.vPortFree)
    vPortSetupTimerInterrupt                 0x0000aecd   Thumb Code    14  port.o(i.vPortSetupTimerInterrupt)
    vTaskDelay                               0x0000aee1   Thumb Code    74  tasks.o(i.vTaskDelay)
    vTaskDelayUntil                          0x0000af35   Thumb Code   102  tasks.o(i.vTaskDelayUntil)
    vTaskDelete                              0x0000afa5   Thumb Code   128  tasks.o(i.vTaskDelete)
    vTaskMissedYield                         0x0000b035   Thumb Code     8  tasks.o(i.vTaskMissedYield)
    vTaskPlaceOnEventList                    0x0000b041   Thumb Code    70  tasks.o(i.vTaskPlaceOnEventList)
    vTaskPriorityInherit                     0x0000b091   Thumb Code   124  tasks.o(i.vTaskPriorityInherit)
    vTaskSetTimeOutState                     0x0000b115   Thumb Code    12  tasks.o(i.vTaskSetTimeOutState)
    vTaskStartScheduler                      0x0000b125   Thumb Code    66  tasks.o(i.vTaskStartScheduler)
    vTaskSuspendAll                          0x0000b179   Thumb Code    10  tasks.o(i.vTaskSuspendAll)
    vTaskSwitchContext                       0x0000b189   Thumb Code   104  tasks.o(i.vTaskSwitchContext)
    xPortStartScheduler                      0x0000b1f9   Thumb Code    52  port.o(i.xPortStartScheduler)
    xPortSysTickHandler                      0x0000b239   Thumb Code    38  port.o(i.xPortSysTickHandler)
    xQueueGenericCreate                      0x0000b265   Thumb Code    72  queue.o(i.xQueueGenericCreate)
    xQueueGenericReceive                     0x0000b2ad   Thumb Code   296  queue.o(i.xQueueGenericReceive)
    xQueueGenericReset                       0x0000b3d9   Thumb Code   106  queue.o(i.xQueueGenericReset)
    xQueueGenericSend                        0x0000b449   Thumb Code   252  queue.o(i.xQueueGenericSend)
    xQueueGenericSendFromISR                 0x0000b549   Thumb Code    96  queue.o(i.xQueueGenericSendFromISR)
    xTaskCheckForTimeOut                     0x0000b5a9   Thumb Code    66  tasks.o(i.xTaskCheckForTimeOut)
    xTaskGenericCreate                       0x0000b5f1   Thumb Code   376  tasks.o(i.xTaskGenericCreate)
    xTaskGetTickCount                        0x0000b779   Thumb Code     6  tasks.o(i.xTaskGetTickCount)
    xTaskIncrementTick                       0x0000b785   Thumb Code   172  tasks.o(i.xTaskIncrementTick)
    xTaskPriorityDisinherit                  0x0000b839   Thumb Code   102  tasks.o(i.xTaskPriorityDisinherit)
    xTaskRemoveFromEventList                 0x0000b8a9   Thumb Code    88  tasks.o(i.xTaskRemoveFromEventList)
    xTaskResumeAll                           0x0000b90d   Thumb Code   164  tasks.o(i.xTaskResumeAll)
    file_ti_htm                              0x00069244   Data          20  fs.o(.constdata)
    file_styles_css                          0x00069258   Data          20  fs.o(.constdata)
    file_side_htm                            0x0006926c   Data          20  fs.o(.constdata)
    file_perror_htm                          0x00069280   Data          20  fs.o(.constdata)
    file_lwipstat_ssi                        0x00069294   Data          20  fs.o(.constdata)
    file_io_ssi                              0x000692a8   Data          20  fs.o(.constdata)
    file_index_htm                           0x000692bc   Data          20  fs.o(.constdata)
    file_images_ti_logo_gif                  0x000692d0   Data          20  fs.o(.constdata)
    file_images_tiva_globe_small_gif         0x000692e4   Data          20  fs.o(.constdata)
    file_images_tiva_jpg                     0x000692f8   Data          20  fs.o(.constdata)
    file_images_ti_gif                       0x0006930c   Data          20  fs.o(.constdata)
    file_images_mcu_side_by_side_jpg         0x00069320   Data          20  fs.o(.constdata)
    file_images_freertos_jpg                 0x00069334   Data          20  fs.o(.constdata)
    file_images_cortex_jpg                   0x00069348   Data          20  fs.o(.constdata)
    file_images_c_c_c_control_small_jpg      0x0006935c   Data          20  fs.o(.constdata)
    file_images_c_c_c_connect_small_jpg      0x00069370   Data          20  fs.o(.constdata)
    file_images_c_c_c_communicate_small_jpg  0x00069384   Data          20  fs.o(.constdata)
    file_images_apps_jpg                     0x00069398   Data          20  fs.o(.constdata)
    file_header_htm                          0x000693ac   Data          20  fs.o(.constdata)
    file_freertos_htm                        0x000693c0   Data          20  fs.o(.constdata)
    file_footer_htm                          0x000693d4   Data          20  fs.o(.constdata)
    file_favicon_ico                         0x000693e8   Data          20  fs.o(.constdata)
    file_family_htm                          0x000693fc   Data          20  fs.o(.constdata)
    file_connect_htm                         0x00069410   Data          20  fs.o(.constdata)
    file_block_htm                           0x00069424   Data          20  fs.o(.constdata)
    file_404_htm                             0x00069438   Data          20  fs.o(.constdata)
    g_pcTagLeadIn                            0x0006944c   Data           4  httpd.o(.constdata)
    g_pcTagLeadOut                           0x00069450   Data           4  httpd.o(.constdata)
    g_psDefaultFilenames                     0x00069544   Data          40  httpd.o(.constdata)
    g_pcSSIExtensions                        0x0006956c   Data          16  httpd.o(.constdata)
    g_pui8SpiderBlankImage                   0x0006957c   Data          14  images.o(.constdata)
    g_pui8SpiderL1Image                      0x0006958a   Data        1109  images.o(.constdata)
    g_pui8SpiderL2Image                      0x000699df   Data        1105  images.o(.constdata)
    g_pui8SpiderR1Image                      0x00069e30   Data        1101  images.o(.constdata)
    g_pui8SpiderR2Image                      0x0006a27d   Data        1106  images.o(.constdata)
    g_pui8SpiderU1Image                      0x0006a6cf   Data        1109  images.o(.constdata)
    g_pui8SpiderU2Image                      0x0006ab24   Data        1100  images.o(.constdata)
    g_pui8SpiderD1Image                      0x0006af70   Data        1105  images.o(.constdata)
    g_pui8SpiderD2Image                      0x0006b3c1   Data        1101  images.o(.constdata)
    g_pui8SpiderUL1Image                     0x0006b80e   Data        1085  images.o(.constdata)
    g_pui8SpiderUL2Image                     0x0006bc4b   Data        1083  images.o(.constdata)
    g_pui8SpiderUR1Image                     0x0006c086   Data        1085  images.o(.constdata)
    g_pui8SpiderUR2Image                     0x0006c4c3   Data        1088  images.o(.constdata)
    g_pui8SpiderDL1Image                     0x0006c903   Data        1088  images.o(.constdata)
    g_pui8SpiderDL2Image                     0x0006cd43   Data        1088  images.o(.constdata)
    g_pui8SpiderDR1Image                     0x0006d183   Data        1085  images.o(.constdata)
    g_pui8SpiderDR2Image                     0x0006d5c0   Data        1088  images.o(.constdata)
    g_sKentec320x240x16_SSD2119              0x0006da00   Data          40  kentec320x240x16_ssd2119.o(.constdata)
    g_psTags                                 0x0006da28   Data         496  lwip_task.o(.constdata)
    ip_addr_any                              0x0006dc28   Data           4  lwiplib.o(.constdata)
    ip_addr_broadcast                        0x0006dc2c   Data           4  lwiplib.o(.constdata)
    ethbroadcast                             0x0006dc30   Data           6  lwiplib.o(.constdata)
    ethzero                                  0x0006dc36   Data           6  lwiplib.o(.constdata)
    tcp_persist_backoff                      0x0006dc3c   Data           7  lwiplib.o(.constdata)
    tcp_state_str                            0x0006dc6c   Data          44  lwiplib.o(.constdata)
    tcp_backoff                              0x0006dc98   Data          13  lwiplib.o(.constdata)
    tcp_pcb_lists                            0x0006dca8   Data          16  lwiplib.o(.constdata)
    g_psDefaultCodePointMapTable             0x0006e0bc   Data          16  context.o(.constdata)
    g_sFontCm20                              0x0006ea2c   Data         200  fontcm20.o(.constdata)
    g_sFontCmss18b                           0x0006f278   Data         200  fontcmss18b.o(.constdata)
    g_sFontFixed6x8                          0x0006f638   Data         200  fontfixed6x8.o(.constdata)
    Region$$Table$$Base                      0x0006fe14   Number         0  anon$$obj.o(Region$$Table)
    Region$$Table$$Limit                     0x0006fe34   Number         0  anon$$obj.o(Region$$Table)
    g_sDisplayTask                           0x20000000   Data           4  display_task.o(.data)
    g_ui32SysClock                           0x20000010   Data           4  freertos_demo.o(.data)
    g_pfnSSIHandler                          0x2000002c   Data           4  httpd.o(.data)
    g_iNumTags                               0x20000030   Data           4  httpd.o(.data)
    g_ppcTags                                0x20000034   Data           4  httpd.o(.data)
    g_pCGIs                                  0x20000038   Data           4  httpd.o(.data)
    g_iNumCGIs                               0x2000003c   Data           4  httpd.o(.data)
    g_ui32LEDDelay                           0x2000006c   Data           4  led_task.o(.data)
    pbuf_free_ooseq_pending                  0x20000072   Data           1  lwiplib.o(.data)
    tcp_active_pcbs_changed                  0x20000073   Data           1  lwiplib.o(.data)
    netif_list                               0x200000a8   Data           4  lwiplib.o(.data)
    netif_default                            0x200000ac   Data           4  lwiplib.o(.data)
    tcp_ticks                                0x200000b4   Data           4  lwiplib.o(.data)
    tcp_bound_pcbs                           0x200000b8   Data           4  lwiplib.o(.data)
    tcp_listen_pcbs                          0x200000bc   Data           4  lwiplib.o(.data)
    tcp_active_pcbs                          0x200000c0   Data           4  lwiplib.o(.data)
    tcp_tw_pcbs                              0x200000c4   Data           4  lwiplib.o(.data)
    tcp_tmp_pcb                              0x200000c8   Data           4  lwiplib.o(.data)
    tcp_input_pcb                            0x200000e0   Data           4  lwiplib.o(.data)
    udp_pcbs                                 0x200000ec   Data           4  lwiplib.o(.data)
    current_netif                            0x200000f0   Data           4  lwiplib.o(.data)
    current_header                           0x200000f4   Data           4  lwiplib.o(.data)
    current_iphdr_src                        0x200000f8   Data           4  lwiplib.o(.data)
    current_iphdr_dest                       0x200000fc   Data           4  lwiplib.o(.data)
    g_ui32NormalInts                         0x20000100   Data           4  lwiplib.o(.data)
    g_ui32AbnormalInts                       0x20000104   Data           4  lwiplib.o(.data)
    g_pfnTimerHandler                        0x20000108   Data           4  lwiplib.o(.data)
    g_TxDescList                             0x2000011c   Data          16  lwiplib.o(.data)
    g_RxDescList                             0x20000138   Data          16  lwiplib.o(.data)
    g_sSpiderTask                            0x20000160   Data           4  spider_task.o(.data)
    g_pui32SpiderDelay                       0x20000164   Data           8  spider_task.o(.data)
    pxCurrentTCB                             0x200001ac   Data           4  tasks.o(.data)
    g_i16TouchMin                            0x200001e6   Data           2  touch.o(.data)
    g_i16TouchX                              0x200001e8   Data           2  touch.o(.data)
    g_i16TouchY                              0x200001ea   Data           2  touch.o(.data)
    dhcp_rx_options_val                      0x20005310   Data          40  lwiplib.o(.bss)
    dhcp_rx_options_given                    0x20005338   Data          10  lwiplib.o(.bss)
    ram_heap                                 0x20005342   Data       65564  lwiplib.o(.bss)
    lwip_stats                               0x2001fa08   Data         544  lwiplib.o(.bss)
    g_pTxDescriptors                         0x2001ffa0   Data         864  lwiplib.o(.bss)
    g_pRxDescriptors                         0x20020300   Data         288  lwiplib.o(.bss)
    __initial_sp                             0x20021770   Data           0  startup_rvmdk.o(STACK)



==============================================================================

Memory Map of the image

  Image Entry point : 0x00000201

  Load Region LR_IROM (Base: 0x00000000, Size: 0x0007002c, Max: 0x00100000, ABSOLUTE, COMPRESSED[0x0006fea8])

    Execution Region ER_IROM (Exec base: 0x00000000, Load base: 0x00000000, Size: 0x0006fe34, Max: 0x00100000, ABSOLUTE)

    Exec Addr    Load Addr    Size         Type   Attr      Idx    E Section Name        Object

    0x00000000   0x00000000   0x0000021c   Code   RO         3005  * RESET               startup_rvmdk.o
    0x0000021c   0x0000021c   0x00000000   Code   RO         5664  * .ARM.Collect$$$$00000000  mc_w.l(entry.o)
    0x0000021c   0x0000021c   0x00000004   Code   RO         5685    .ARM.Collect$$$$00000001  mc_w.l(entry2.o)
    0x00000220   0x00000220   0x00000004   Code   RO         5688    .ARM.Collect$$$$00000004  mc_w.l(entry5.o)
    0x00000224   0x00000224   0x00000000   Code   RO         5690    .ARM.Collect$$$$00000008  mc_w.l(entry7b.o)
    0x00000224   0x00000224   0x00000000   Code   RO         5692    .ARM.Collect$$$$0000000A  mc_w.l(entry8b.o)
    0x00000224   0x00000224   0x00000008   Code   RO         5693    .ARM.Collect$$$$0000000B  mc_w.l(entry9a.o)
    0x0000022c   0x0000022c   0x00000000   Code   RO         5695    .ARM.Collect$$$$0000000D  mc_w.l(entry10a.o)
    0x0000022c   0x0000022c   0x00000000   Code   RO         5697    .ARM.Collect$$$$0000000F  mc_w.l(entry11a.o)
    0x0000022c   0x0000022c   0x00000004   Code   RO         5686    .ARM.Collect$$$$00002712  mc_w.l(entry2.o)
    0x00000230   0x00000230   0x000000b6   Code   RO         2672    .emb_text           port.o
    0x000002e6   0x000002e6   0x00000002   PAD
    0x000002e8   0x000002e8   0x00000006   Code   RO         4607    .emb_text           driverlib.lib(sysctl.o)
    0x000002ee   0x000002ee   0x00000002   PAD
    0x000002f0   0x000002f0   0x00000026   Code   RO         5458    .emb_text           driverlib.lib(cpu.o)
    0x00000316   0x00000316   0x00000024   Code   RO         5667    .text               mc_w.l(memcpya.o)
    0x0000033a   0x0000033a   0x00000024   Code   RO         5669    .text               mc_w.l(memseta.o)
    0x0000035e   0x0000035e   0x00000024   Code   RO         5671    .text               mc_w.l(strstr.o)
    0x00000382   0x00000382   0x00000014   Code   RO         5673    .text               mc_w.l(strchr.o)
    0x00000396   0x00000396   0x0000000e   Code   RO         5675    .text               mc_w.l(strlen.o)
    0x000003a4   0x000003a4   0x0000001c   Code   RO         5677    .text               mc_w.l(strcmp.o)
    0x000003c0   0x000003c0   0x0000001a   Code   RO         5679    .text               mc_w.l(memcmp.o)
    0x000003da   0x000003da   0x0000001e   Code   RO         5681    .text               mc_w.l(strncmp.o)
    0x000003f8   0x000003f8   0x00000024   Code   RO         5699    .text               mc_w.l(init.o)
    0x0000041c   0x0000041c   0x00000056   Code   RO         5709    .text               mc_w.l(__dczerorl2.o)
    0x00000472   0x00000472   0x00000074   Code   RO            1    i.CheckDecimalParam  cgifuncs.o
    0x000004e6   0x000004e6   0x00000002   PAD
    0x000004e8   0x000004e8   0x0000008c   Code   RO         2939    i.ControlTask       spider_task.o
    0x00000574   0x00000574   0x0000002c   Code   RO         2940    i.ControlTouchCallback  spider_task.o
    0x000005a0   0x000005a0   0x0000008c   Code   RO         2941    i.CreateSpider      spider_task.o
    0x0000062c   0x0000062c   0x00000024   Code   RO          119    i.DisplayDraw       display_task.o
    0x00000650   0x00000650   0x000000bc   Code   RO          633    i.DisplayIP         idle_task.o
    0x0000070c   0x0000070c   0x00000024   Code   RO          120    i.DisplayImage      display_task.o
    0x00000730   0x00000730   0x00000024   Code   RO          121    i.DisplayMove       display_task.o
    0x00000754   0x00000754   0x00000024   Code   RO          122    i.DisplayString     display_task.o
    0x00000778   0x00000778   0x000000b4   Code   RO          123    i.DisplayTask       display_task.o
    0x0000082c   0x0000082c   0x00000048   Code   RO          124    i.DisplayTaskInit   display_task.o
    0x00000874   0x00000874   0x00000188   Code   RO          634    i.DisplayValue      idle_task.o
    0x000009fc   0x000009fc   0x0000001e   Code   RO         3472    i.EMACAddrGet       driverlib.lib(emac.o)
    0x00000a1a   0x00000a1a   0x00000002   PAD
    0x00000a1c   0x00000a1c   0x00000044   Code   RO         3474    i.EMACConfigGet     driverlib.lib(emac.o)
    0x00000a60   0x00000a60   0x00000038   Code   RO         3475    i.EMACConfigSet     driverlib.lib(emac.o)
    0x00000a98   0x00000a98   0x00000010   Code   RO         3478    i.EMACFrameFilterSet  driverlib.lib(emac.o)
    0x00000aa8   0x00000aa8   0x00000088   Code   RO         3482    i.EMACInit          driverlib.lib(emac.o)
    0x00000b30   0x00000b30   0x0000003c   Code   RO         3483    i.EMACIntClear      driverlib.lib(emac.o)
    0x00000b6c   0x00000b6c   0x00000042   Code   RO         3485    i.EMACIntEnable     driverlib.lib(emac.o)
    0x00000bae   0x00000bae   0x0000002e   Code   RO         3487    i.EMACIntStatus     driverlib.lib(emac.o)
    0x00000bdc   0x00000bdc   0x00000070   Code   RO         3495    i.EMACPHYConfigSet  driverlib.lib(emac.o)
    0x00000c4c   0x00000c4c   0x0000002a   Code   RO         3502    i.EMACPHYRead       driverlib.lib(emac.o)
    0x00000c76   0x00000c76   0x0000002a   Code   RO         3503    i.EMACPHYWrite      driverlib.lib(emac.o)
    0x00000ca0   0x00000ca0   0x00000008   Code   RO         3506    i.EMACPowerManagementStatusGet  driverlib.lib(emac.o)
    0x00000ca8   0x00000ca8   0x00000006   Code   RO         3513    i.EMACRxDMADescriptorListSet  driverlib.lib(emac.o)
    0x00000cae   0x00000cae   0x00000016   Code   RO         3516    i.EMACRxEnable      driverlib.lib(emac.o)
    0x00000cc4   0x00000cc4   0x00000006   Code   RO         3524    i.EMACTimestampIntStatus  driverlib.lib(emac.o)
    0x00000cca   0x00000cca   0x00000006   Code   RO         3538    i.EMACTxDMADescriptorListSet  driverlib.lib(emac.o)
    0x00000cd0   0x00000cd0   0x00000008   Code   RO         3539    i.EMACTxDMAPollDemand  driverlib.lib(emac.o)
    0x00000cd8   0x00000cd8   0x00000016   Code   RO         3541    i.EMACTxEnable      driverlib.lib(emac.o)
    0x00000cee   0x00000cee   0x0000002c   Code   RO            5    i.FindCGIParameter  cgifuncs.o
    0x00000d1a   0x00000d1a   0x00000002   PAD
    0x00000d1c   0x00000d1c   0x00000210   Code   RO          187    i.FrameDraw         frame.o
    0x00000f2c   0x00000f2c   0x00000028   Code   RO         3994    i.GPIODirModeSet    driverlib.lib(gpio.o)
    0x00000f54   0x00000f54   0x00000138   Code   RO         4006    i.GPIOPadConfigSet  driverlib.lib(gpio.o)
    0x0000108c   0x0000108c   0x0000001c   Code   RO         4015    i.GPIOPinTypeEthernetLED  driverlib.lib(gpio.o)
    0x000010a8   0x000010a8   0x0000001c   Code   RO         4023    i.GPIOPinTypeLCD    driverlib.lib(gpio.o)
    0x000010c4   0x000010c4   0x00000006   Code   RO         4036    i.GPIOPinWrite      driverlib.lib(gpio.o)
    0x000010ca   0x000010ca   0x00000028   Code   RO            6    i.GetCGIParam       cgifuncs.o
    0x000010f2   0x000010f2   0x00000070   Code   RO         5194    i.GrContextClipRegionSet  grlib.lib(context.o)
    0x00001162   0x00001162   0x00000006   Code   RO         5334    i.GrContextFontSet  grlib.lib(string.o)
    0x00001168   0x00001168   0x00000064   Code   RO         5195    i.GrContextInit     grlib.lib(context.o)
    0x000011cc   0x000011cc   0x00000118   Code   RO         5335    i.GrDefaultStringRenderer  grlib.lib(string.o)
    0x000012e4   0x000012e4   0x0000002c   Code   RO         5336    i.GrFontBaselineGet  grlib.lib(string.o)
    0x00001310   0x00001310   0x000000a6   Code   RO         5339    i.GrFontGlyphDataGet  grlib.lib(string.o)
    0x000013b6   0x000013b6   0x00000286   Code   RO         5340    i.GrFontGlyphRender  grlib.lib(string.o)
    0x0000163c   0x0000163c   0x00000018   Code   RO         5277    i.GrImageDraw       grlib.lib(image.o)
    0x00001654   0x00001654   0x0000027e   Code   RO         5310    i.GrLineDraw        grlib.lib(line.o)
    0x000018d2   0x000018d2   0x00000008   Code   RO         5512    i.GrMapISO8859_1_Unicode  grlib.lib(charmap.o)
    0x000018da   0x000018da   0x00000020   Code   RO         5346    i.GrStringDraw      grlib.lib(string.o)
    0x000018fa   0x000018fa   0x000000c0   Code   RO         5351    i.GrStringWidthGet  grlib.lib(string.o)
    0x000019ba   0x000019ba   0x00000002   PAD
    0x000019bc   0x000019bc   0x000000bc   Code   RO          947    i.InitDMADescriptors  lwiplib.o
    0x00001a78   0x00001a78   0x00000064   Code   RO         4300    i.IntEnable         driverlib.lib(interrupt.o)
    0x00001adc   0x00001adc   0x0000000e   Code   RO         4303    i.IntMasterEnable   driverlib.lib(interrupt.o)
    0x00001aea   0x00001aea   0x00000002   PAD
    0x00001aec   0x00001aec   0x00000028   Code   RO         4311    i.IntPrioritySet    driverlib.lib(interrupt.o)
    0x00001b14   0x00001b14   0x00000380   Code   RO         5279    i.InternalImageDraw  grlib.lib(image.o)
    0x00001e94   0x00001e94   0x0000001a   Code   RO          695    i.Kentec320x240x16_SSD2119ColorTranslate  kentec320x240x16_ssd2119.o
    0x00001eae   0x00001eae   0x00000002   Code   RO          696    i.Kentec320x240x16_SSD2119Flush  kentec320x240x16_ssd2119.o
    0x00001eb0   0x00001eb0   0x000002a4   Code   RO          697    i.Kentec320x240x16_SSD2119Init  kentec320x240x16_ssd2119.o
    0x00002154   0x00002154   0x0000004c   Code   RO          698    i.Kentec320x240x16_SSD2119LineDrawH  kentec320x240x16_ssd2119.o
    0x000021a0   0x000021a0   0x0000004c   Code   RO          699    i.Kentec320x240x16_SSD2119LineDrawV  kentec320x240x16_ssd2119.o
    0x000021ec   0x000021ec   0x00000030   Code   RO          700    i.Kentec320x240x16_SSD2119PixelDraw  kentec320x240x16_ssd2119.o
    0x0000221c   0x0000221c   0x00000116   Code   RO          701    i.Kentec320x240x16_SSD2119PixelDrawMultiple  kentec320x240x16_ssd2119.o
    0x00002332   0x00002332   0x000000b0   Code   RO          702    i.Kentec320x240x16_SSD2119RectFill  kentec320x240x16_ssd2119.o
    0x000023e2   0x000023e2   0x00000004   Code   RO         4416    i.LCDDMAConfigSet   driverlib.lib(lcd.o)
    0x000023e6   0x000023e6   0x0000000c   Code   RO         4417    i.LCDIDDCommandWrite  driverlib.lib(lcd.o)
    0x000023f2   0x000023f2   0x00000004   Code   RO         4418    i.LCDIDDConfigSet   driverlib.lib(lcd.o)
    0x000023f6   0x000023f6   0x0000000c   Code   RO         4422    i.LCDIDDDataWrite   driverlib.lib(lcd.o)
    0x00002402   0x00002402   0x0000003c   Code   RO         4426    i.LCDIDDTimingSet   driverlib.lib(lcd.o)
    0x0000243e   0x0000243e   0x00000026   Code   RO         4433    i.LCDModeSet        driverlib.lib(lcd.o)
    0x00002464   0x00002464   0x00000044   Code   RO          782    i.LEDTask           led_task.o
    0x000024a8   0x000024a8   0x00000044   Code   RO          783    i.LEDTaskInit       led_task.o
    0x000024ec   0x000024ec   0x00000030   Code   RO          841    i.LocatorAppTitleSet  locator.o
    0x0000251c   0x0000251c   0x00000050   Code   RO          845    i.LocatorInit       locator.o
    0x0000256c   0x0000256c   0x00000020   Code   RO          846    i.LocatorMACAddrSet  locator.o
    0x0000258c   0x0000258c   0x00000088   Code   RO          847    i.LocatorReceive    locator.o
    0x00002614   0x00002614   0x00000414   Code   RO         2657    i.PinoutSet         pinout.o
    0x00002a28   0x00002a28   0x00000296   Code   RO         5280    i.PixelTransparentDraw  grlib.lib(image.o)
    0x00002cbe   0x00002cbe   0x00000002   PAD
    0x00002cc0   0x00002cc0   0x0000001c   Code   RO         2909    i.RandomAddEntropy  random.o
    0x00002cdc   0x00002cdc   0x0000001c   Code   RO         2910    i.RandomNumber      random.o
    0x00002cf8   0x00002cf8   0x00000164   Code   RO         2911    i.RandomSeed        random.o
    0x00002e5c   0x00002e5c   0x00000048   Code   RO          899    i.SSIHandler        lwip_task.o
    0x00002ea4   0x00002ea4   0x00000070   Code   RO          900    i.SetupServices     lwip_task.o
    0x00002f14   0x00002f14   0x00000068   Code   RO         2942    i.SpiderCollide     spider_task.o
    0x00002f7c   0x00002f7c   0x0000004c   Code   RO          901    i.SpiderSpeedCGIHandler  lwip_task.o
    0x00002fc8   0x00002fc8   0x00000028   Code   RO         2943    i.SpiderSpeedSet    spider_task.o
    0x00002ff0   0x00002ff0   0x00000164   Code   RO         2944    i.SpiderTask        spider_task.o
    0x00003154   0x00003154   0x0000008c   Code   RO         2945    i.SpiderTaskInit    spider_task.o
    0x000031e0   0x000031e0   0x000000f0   Code   RO         2946    i.SpiderTouchCollide  spider_task.o
    0x000032d0   0x000032d0   0x000002ec   Code   RO         4609    i.SysCtlClockFreqSet  driverlib.lib(sysctl.o)
    0x000035bc   0x000035bc   0x0000000c   Code   RO         4631    i.SysCtlMOSCConfigSet  driverlib.lib(sysctl.o)
    0x000035c8   0x000035c8   0x00000028   Code   RO         4641    i.SysCtlPeripheralEnable  driverlib.lib(sysctl.o)
    0x000035f0   0x000035f0   0x0000002c   Code   RO         4645    i.SysCtlPeripheralReady  driverlib.lib(sysctl.o)
    0x0000361c   0x0000361c   0x0000003c   Code   RO         4646    i.SysCtlPeripheralReset  driverlib.lib(sysctl.o)
    0x00003658   0x00003658   0x00000050   Code   RO         4960    i.TimerControlTrigger  driverlib.lib(timer.o)
    0x000036a8   0x000036a8   0x0000005c   Code   RO          902    i.ToggleRateCGIHandler  lwip_task.o
    0x00003704   0x00003704   0x0000000c   Code   RO         3311    i.TouchScreenCallbackSet  touch.o
    0x00003710   0x00003710   0x0000015c   Code   RO         3312    i.TouchScreenDebouncer  touch.o
    0x0000386c   0x0000386c   0x000000cc   Code   RO         3313    i.TouchScreenInit   touch.o
    0x00003938   0x00003938   0x0000014c   Code   RO         3314    i.TouchScreenIntHandler  touch.o
    0x00003a84   0x00003a84   0x0000006c   Code   RO         5352    i.UpdateContextCharMapping  grlib.lib(string.o)
    0x00003af0   0x00003af0   0x00000010   Code   RO          703    i.WriteCommand      kentec320x240x16_ssd2119.o
    0x00003b00   0x00003b00   0x00000024   Code   RO          704    i.WriteData         kentec320x240x16_ssd2119.o
    0x00003b24   0x00003b24   0x0000000e   Code   RO         5703    i.__scatterload_copy  mc_w.l(handlers.o)
    0x00003b32   0x00003b32   0x00000002   Code   RO         5704    i.__scatterload_null  mc_w.l(handlers.o)
    0x00003b34   0x00003b34   0x0000000e   Code   RO         5705    i.__scatterload_zeroinit  mc_w.l(handlers.o)
    0x00003b42   0x00003b42   0x00000002   PAD
    0x00003b44   0x00003b44   0x0000001c   Code   RO          948    i.arp_timer         lwiplib.o
    0x00003b60   0x00003b60   0x00000028   Code   RO          949    i.autoip_arp_announce  lwiplib.o
    0x00003b88   0x00003b88   0x0000007c   Code   RO          950    i.autoip_arp_reply  lwiplib.o
    0x00003c04   0x00003c04   0x00000022   Code   RO          951    i.autoip_network_changed  lwiplib.o
    0x00003c26   0x00003c26   0x0000000c   Code   RO          952    i.autoip_restart    lwiplib.o
    0x00003c32   0x00003c32   0x00000002   PAD
    0x00003c34   0x00003c34   0x0000008c   Code   RO          954    i.autoip_start      lwiplib.o
    0x00003cc0   0x00003cc0   0x00000044   Code   RO          955    i.autoip_start_probing  lwiplib.o
    0x00003d04   0x00003d04   0x00000010   Code   RO          956    i.autoip_stop       lwiplib.o
    0x00003d14   0x00003d14   0x00000018   Code   RO          957    i.autoip_timer      lwiplib.o
    0x00003d2c   0x00003d2c   0x00000110   Code   RO          958    i.autoip_tmr        lwiplib.o
    0x00003e3c   0x00003e3c   0x0000001e   Code   RO          959    i.dhcp_arp_reply    lwiplib.o
    0x00003e5a   0x00003e5a   0x000000d2   Code   RO          960    i.dhcp_bind         lwiplib.o
    0x00003f2c   0x00003f2c   0x00000030   Code   RO          961    i.dhcp_check        lwiplib.o
    0x00003f5c   0x00003f5c   0x00000060   Code   RO          963    i.dhcp_coarse_tmr   lwiplib.o
    0x00003fbc   0x00003fbc   0x0000011c   Code   RO          964    i.dhcp_create_msg   lwiplib.o
    0x000040d8   0x000040d8   0x00000074   Code   RO          965    i.dhcp_decline      lwiplib.o
    0x0000414c   0x0000414c   0x00000016   Code   RO          966    i.dhcp_delete_msg   lwiplib.o
    0x00004162   0x00004162   0x00000002   PAD
    0x00004164   0x00004164   0x000000d0   Code   RO          967    i.dhcp_discover     lwiplib.o
    0x00004234   0x00004234   0x00000034   Code   RO          968    i.dhcp_fine_tmr     lwiplib.o
    0x00004268   0x00004268   0x00000058   Code   RO          969    i.dhcp_handle_ack   lwiplib.o
    0x000042c0   0x000042c0   0x00000054   Code   RO          971    i.dhcp_network_changed  lwiplib.o
    0x00004314   0x00004314   0x00000020   Code   RO          972    i.dhcp_option       lwiplib.o
    0x00004334   0x00004334   0x00000010   Code   RO          973    i.dhcp_option_byte  lwiplib.o
    0x00004344   0x00004344   0x00000042   Code   RO          974    i.dhcp_option_long  lwiplib.o
    0x00004386   0x00004386   0x00000022   Code   RO          975    i.dhcp_option_short  lwiplib.o
    0x000043a8   0x000043a8   0x0000002c   Code   RO          976    i.dhcp_option_trailer  lwiplib.o
    0x000043d4   0x000043d4   0x00000200   Code   RO          977    i.dhcp_parse_reply  lwiplib.o
    0x000045d4   0x000045d4   0x00000088   Code   RO          978    i.dhcp_rebind       lwiplib.o
    0x0000465c   0x0000465c   0x0000009c   Code   RO          979    i.dhcp_reboot       lwiplib.o
    0x000046f8   0x000046f8   0x0000010c   Code   RO          980    i.dhcp_recv         lwiplib.o
    0x00004804   0x00004804   0x000000a4   Code   RO          981    i.dhcp_release      lwiplib.o
    0x000048a8   0x000048a8   0x00000084   Code   RO          982    i.dhcp_renew        lwiplib.o
    0x0000492c   0x0000492c   0x000000e0   Code   RO          983    i.dhcp_select       lwiplib.o
    0x00004a0c   0x00004a0c   0x00000010   Code   RO          984    i.dhcp_set_state    lwiplib.o
    0x00004a1c   0x00004a1c   0x000000a0   Code   RO          986    i.dhcp_start        lwiplib.o
    0x00004abc   0x00004abc   0x0000003e   Code   RO          987    i.dhcp_stop         lwiplib.o
    0x00004afa   0x00004afa   0x00000088   Code   RO          988    i.dhcp_timeout      lwiplib.o
    0x00004b82   0x00004b82   0x00000002   PAD
    0x00004b84   0x00004b84   0x0000001c   Code   RO          989    i.dhcp_timer_coarse  lwiplib.o
    0x00004ba0   0x00004ba0   0x0000001c   Code   RO          990    i.dhcp_timer_fine   lwiplib.o
    0x00004bbc   0x00004bbc   0x00000124   Code   RO          991    i.etharp_arp_input  lwiplib.o
    0x00004ce0   0x00004ce0   0x00000030   Code   RO          992    i.etharp_cleanup_netif  lwiplib.o
    0x00004d10   0x00004d10   0x000000f0   Code   RO          994    i.etharp_find_entry  lwiplib.o
    0x00004e00   0x00004e00   0x00000024   Code   RO          995    i.etharp_free_entry  lwiplib.o
    0x00004e24   0x00004e24   0x00000124   Code   RO          996    i.etharp_output     lwiplib.o
    0x00004f48   0x00004f48   0x00000044   Code   RO          997    i.etharp_output_to_arp_index  lwiplib.o
    0x00004f8c   0x00004f8c   0x00000114   Code   RO          998    i.etharp_query      lwiplib.o
    0x000050a0   0x000050a0   0x000000c0   Code   RO          999    i.etharp_raw        lwiplib.o
    0x00005160   0x00005160   0x00000024   Code   RO         1000    i.etharp_request    lwiplib.o
    0x00005184   0x00005184   0x00000020   Code   RO         1001    i.etharp_send_ip    lwiplib.o
    0x000051a4   0x000051a4   0x00000048   Code   RO         1002    i.etharp_tmr        lwiplib.o
    0x000051ec   0x000051ec   0x0000007c   Code   RO         1003    i.etharp_update_arp_entry  lwiplib.o
    0x00005268   0x00005268   0x000000a4   Code   RO         1004    i.ethernet_input    lwiplib.o
    0x0000530c   0x0000530c   0x00000068   Code   RO          501    i.extract_uri_parameters  httpd.o
    0x00005374   0x00005374   0x00000008   Code   RO          255    i.fs_bytes_left     fs.o
    0x0000537c   0x0000537c   0x00000016   Code   RO          256    i.fs_close          fs.o
    0x00005392   0x00005392   0x00000002   PAD
    0x00005394   0x00005394   0x0000004c   Code   RO          258    i.fs_open           fs.o
    0x000053e0   0x000053e0   0x00000034   Code   RO          259    i.fs_read           fs.o
    0x00005414   0x00005414   0x000000f4   Code   RO          502    i.get_http_headers  httpd.o
    0x00005508   0x00005508   0x000000b0   Code   RO          503    i.get_tag_insert    httpd.o
    0x000055b8   0x000055b8   0x0000006c   Code   RO          504    i.http_accept       httpd.o
    0x00005624   0x00005624   0x00000054   Code   RO          505    i.http_close_conn   httpd.o
    0x00005678   0x00005678   0x0000000a   Code   RO          506    i.http_err          httpd.o
    0x00005682   0x00005682   0x00000002   PAD
    0x00005684   0x00005684   0x000000f4   Code   RO          507    i.http_find_file    httpd.o
    0x00005778   0x00005778   0x00000054   Code   RO          508    i.http_get_404_file  httpd.o
    0x000057cc   0x000057cc   0x00000070   Code   RO          509    i.http_init_file    httpd.o
    0x0000583c   0x0000583c   0x0000009c   Code   RO          510    i.http_parse_request  httpd.o
    0x000058d8   0x000058d8   0x00000032   Code   RO          511    i.http_poll         httpd.o
    0x0000590a   0x0000590a   0x00000066   Code   RO          512    i.http_recv         httpd.o
    0x00005970   0x00005970   0x0000046c   Code   RO          513    i.http_send_data    httpd.o
    0x00005ddc   0x00005ddc   0x00000016   Code   RO          514    i.http_sent         httpd.o
    0x00005df2   0x00005df2   0x00000002   PAD
    0x00005df4   0x00005df4   0x0000000c   Code   RO          515    i.http_set_cgi_handlers  httpd.o
    0x00005e00   0x00005e00   0x00000010   Code   RO          516    i.http_set_ssi_handler  httpd.o
    0x00005e10   0x00005e10   0x00000028   Code   RO          517    i.http_state_free   httpd.o
    0x00005e38   0x00005e38   0x0000003c   Code   RO          518    i.http_write        httpd.o
    0x00005e74   0x00005e74   0x00000040   Code   RO          519    i.httpd_init        httpd.o
    0x00005eb4   0x00005eb4   0x00000008   Code   RO         1005    i.icmp_dest_unreach  lwiplib.o
    0x00005ebc   0x00005ebc   0x00000160   Code   RO         1006    i.icmp_input        lwiplib.o
    0x0000601c   0x0000601c   0x00000074   Code   RO         1007    i.icmp_send_response  lwiplib.o
    0x00006090   0x00006090   0x0000000c   Code   RO         1008    i.inet_chksum       lwiplib.o
    0x0000609c   0x0000609c   0x00000048   Code   RO         1009    i.inet_chksum_pbuf  lwiplib.o
    0x000060e4   0x000060e4   0x0000002e   Code   RO         1012    i.ip4_addr_isbroadcast  lwiplib.o
    0x00006112   0x00006112   0x00000002   PAD
    0x00006114   0x00006114   0x000001f0   Code   RO         1014    i.ip_input          lwiplib.o
    0x00006304   0x00006304   0x00000040   Code   RO         1015    i.ip_output         lwiplib.o
    0x00006344   0x00006344   0x00000098   Code   RO         1016    i.ip_output_if      lwiplib.o
    0x000063dc   0x000063dc   0x00000048   Code   RO         1017    i.ip_route          lwiplib.o
    0x00006424   0x00006424   0x000000a0   Code   RO         1022    i.lwIPEthernetIntHandler  lwiplib.o
    0x000064c4   0x000064c4   0x000000d0   Code   RO         1023    i.lwIPInit          lwiplib.o
    0x00006594   0x00006594   0x0000004c   Code   RO         1024    i.lwIPInterruptTask  lwiplib.o
    0x000065e0   0x000065e0   0x00000078   Code   RO         1025    i.lwIPLinkDetect    lwiplib.o
    0x00006658   0x00006658   0x0000001c   Code   RO         1027    i.lwIPLocalIPAddrGet  lwiplib.o
    0x00006674   0x00006674   0x00000018   Code   RO         1028    i.lwIPLocalMACGet   lwiplib.o
    0x0000668c   0x0000668c   0x00000098   Code   RO         1031    i.lwIPPrivateInit   lwiplib.o
    0x00006724   0x00006724   0x00000018   Code   RO         1032    i.lwIPPrivateLinkTimer  lwiplib.o
    0x0000673c   0x0000673c   0x0000007c   Code   RO          903    i.lwIPTaskInit      lwip_task.o
    0x000067b8   0x000067b8   0x00000016   Code   RO         1037    i.lwip_init         lwiplib.o
    0x000067ce   0x000067ce   0x00000056   Code   RO         1040    i.lwip_standard_chksum  lwiplib.o
    0x00006824   0x00006824   0x000002b0   Code   RO          204    i.main              freertos_demo.o
    0x00006ad4   0x00006ad4   0x00000074   Code   RO         1042    i.mem_free          lwiplib.o
    0x00006b48   0x00006b48   0x0000004c   Code   RO         1044    i.mem_init          lwiplib.o
    0x00006b94   0x00006b94   0x00000100   Code   RO         1045    i.mem_malloc        lwiplib.o
    0x00006c94   0x00006c94   0x000000fc   Code   RO         1046    i.mem_trim          lwiplib.o
    0x00006d90   0x00006d90   0x00000040   Code   RO         1047    i.memp_free         lwiplib.o
    0x00006dd0   0x00006dd0   0x00000078   Code   RO         1048    i.memp_init         lwiplib.o
    0x00006e48   0x00006e48   0x0000005c   Code   RO         1049    i.memp_malloc       lwiplib.o
    0x00006ea4   0x00006ea4   0x0000004c   Code   RO         1050    i.netif_add         lwiplib.o
    0x00006ef0   0x00006ef0   0x00000020   Code   RO         1054    i.netif_set_addr    lwiplib.o
    0x00006f10   0x00006f10   0x0000001a   Code   RO         1056    i.netif_set_down    lwiplib.o
    0x00006f2a   0x00006f2a   0x00000008   Code   RO         1057    i.netif_set_gw      lwiplib.o
    0x00006f32   0x00006f32   0x00000002   PAD
    0x00006f34   0x00006f34   0x00000074   Code   RO         1058    i.netif_set_ipaddr  lwiplib.o
    0x00006fa8   0x00006fa8   0x00000012   Code   RO         1059    i.netif_set_link_down  lwiplib.o
    0x00006fba   0x00006fba   0x00000042   Code   RO         1060    i.netif_set_link_up  lwiplib.o
    0x00006ffc   0x00006ffc   0x00000008   Code   RO         1061    i.netif_set_netmask  lwiplib.o
    0x00007004   0x00007004   0x00000020   Code   RO         1062    i.netif_set_up      lwiplib.o
    0x00007024   0x00007024   0x0000011c   Code   RO         1063    i.pbuf_alloc        lwiplib.o
    0x00007140   0x00007140   0x00000028   Code   RO         1064    i.pbuf_cat          lwiplib.o
    0x00007168   0x00007168   0x00000012   Code   RO         1065    i.pbuf_chain        lwiplib.o
    0x0000717a   0x0000717a   0x00000012   Code   RO         1066    i.pbuf_clen         lwiplib.o
    0x0000718c   0x0000718c   0x0000009a   Code   RO         1068    i.pbuf_copy         lwiplib.o
    0x00007226   0x00007226   0x00000068   Code   RO         1069    i.pbuf_copy_partial  lwiplib.o
    0x0000728e   0x0000728e   0x00000052   Code   RO         1071    i.pbuf_free         lwiplib.o
    0x000072e0   0x000072e0   0x0000002c   Code   RO         1074    i.pbuf_free_ooseq_callback  lwiplib.o
    0x0000730c   0x0000730c   0x00000060   Code   RO         1076    i.pbuf_header       lwiplib.o
    0x0000736c   0x0000736c   0x00000040   Code   RO         1079    i.pbuf_pool_is_empty  lwiplib.o
    0x000073ac   0x000073ac   0x0000004e   Code   RO         1080    i.pbuf_realloc      lwiplib.o
    0x000073fa   0x000073fa   0x0000001a   Code   RO         1081    i.pbuf_ref          lwiplib.o
    0x00007414   0x00007414   0x00000054   Code   RO         1085    i.plug_holes        lwiplib.o
    0x00007468   0x00007468   0x00000034   Code   RO         3009    i.prvAddCurrentTaskToDelayedList  tasks.o
    0x0000749c   0x0000749c   0x00000058   Code   RO         3010    i.prvCheckTasksWaitingTermination  tasks.o
    0x000074f4   0x000074f4   0x00000026   Code   RO         2741    i.prvCopyDataFromQueue  queue.o
    0x0000751a   0x0000751a   0x0000006e   Code   RO         2742    i.prvCopyDataToQueue  queue.o
    0x00007588   0x00007588   0x0000000a   Code   RO         3011    i.prvIdleTask       tasks.o
    0x00007592   0x00007592   0x00000002   PAD
    0x00007594   0x00007594   0x00000020   Code   RO         3013    i.prvResetNextTaskUnblockTime  tasks.o
    0x000075b4   0x000075b4   0x00000010   Code   RO         2673    i.prvTaskExitError  port.o
    0x000075c4   0x000075c4   0x00000064   Code   RO         2743    i.prvUnlockQueue    queue.o
    0x00007628   0x00007628   0x000000b4   Code   RO          459    i.pvPortMalloc      heap_2.o
    0x000076dc   0x000076dc   0x00000018   Code   RO         3016    i.pvTaskIncrementMutexHeldCount  tasks.o
    0x000076f4   0x000076f4   0x00000028   Code   RO         2674    i.pxPortInitialiseStack  port.o
    0x0000771c   0x0000771c   0x00000070   Code   RO         1088    i.raw_input         lwiplib.o
    0x0000778c   0x0000778c   0x00000040   Code   RO          520    i.strnstr           httpd.o
    0x000077cc   0x000077cc   0x00000050   Code   RO         1095    i.sys_arch_mbox_fetch  lwiplib.o
    0x0000781c   0x0000781c   0x00000042   Code   RO         1098    i.sys_arch_sem_wait  lwiplib.o
    0x0000785e   0x0000785e   0x00000002   PAD
    0x00007860   0x00007860   0x00000030   Code   RO         1099    i.sys_arch_thread   lwiplib.o
    0x00007890   0x00007890   0x0000004c   Code   RO         1101    i.sys_init          lwiplib.o
    0x000078dc   0x000078dc   0x0000007c   Code   RO         1103    i.sys_mbox_new      lwiplib.o
    0x00007958   0x00007958   0x0000001a   Code   RO         1104    i.sys_mbox_post     lwiplib.o
    0x00007972   0x00007972   0x00000002   PAD
    0x00007974   0x00007974   0x0000002c   Code   RO         1105    i.sys_mbox_trypost  lwiplib.o
    0x000079a0   0x000079a0   0x0000000a   Code   RO         1106    i.sys_mbox_valid    lwiplib.o
    0x000079aa   0x000079aa   0x00000002   PAD
    0x000079ac   0x000079ac   0x00000088   Code   RO         1109    i.sys_sem_new       lwiplib.o
    0x00007a34   0x00007a34   0x00000010   Code   RO         1110    i.sys_sem_signal    lwiplib.o
    0x00007a44   0x00007a44   0x0000008c   Code   RO         1111    i.sys_thread_new    lwiplib.o
    0x00007ad0   0x00007ad0   0x0000005c   Code   RO         1112    i.sys_timeout       lwiplib.o
    0x00007b2c   0x00007b2c   0x00000044   Code   RO         1113    i.sys_timeouts_init  lwiplib.o
    0x00007b70   0x00007b70   0x00000064   Code   RO         1114    i.sys_timeouts_mbox_fetch  lwiplib.o
    0x00007bd4   0x00007bd4   0x00000048   Code   RO         1115    i.sys_untimeout     lwiplib.o
    0x00007c1c   0x00007c1c   0x00000094   Code   RO         1116    i.tcp_abandon       lwiplib.o
    0x00007cb0   0x00007cb0   0x00000006   Code   RO         1117    i.tcp_abort         lwiplib.o
    0x00007cb6   0x00007cb6   0x00000004   Code   RO         1118    i.tcp_accept        lwiplib.o
    0x00007cba   0x00007cba   0x00000006   Code   RO         1119    i.tcp_accept_null   lwiplib.o
    0x00007cc0   0x00007cc0   0x00000118   Code   RO         1120    i.tcp_alloc         lwiplib.o
    0x00007dd8   0x00007dd8   0x00000004   Code   RO         1121    i.tcp_arg           lwiplib.o
    0x00007ddc   0x00007ddc   0x00000080   Code   RO         1122    i.tcp_bind          lwiplib.o
    0x00007e5c   0x00007e5c   0x00000014   Code   RO         1123    i.tcp_close         lwiplib.o
    0x00007e70   0x00007e70   0x00000124   Code   RO         1124    i.tcp_close_shutdown  lwiplib.o
    0x00007f94   0x00007f94   0x000000a0   Code   RO         1126    i.tcp_create_segment  lwiplib.o
    0x00008034   0x00008034   0x00000020   Code   RO         1128    i.tcp_eff_send_mss  lwiplib.o
    0x00008054   0x00008054   0x000000d0   Code   RO         1129    i.tcp_enqueue_flags  lwiplib.o
    0x00008124   0x00008124   0x00000006   Code   RO         1130    i.tcp_err           lwiplib.o
    0x0000812a   0x0000812a   0x00000002   PAD
    0x0000812c   0x0000812c   0x0000005c   Code   RO         1131    i.tcp_fasttmr       lwiplib.o
    0x00008188   0x00008188   0x0000032c   Code   RO         1133    i.tcp_input         lwiplib.o
    0x000084b4   0x000084b4   0x00000048   Code   RO         1134    i.tcp_keepalive     lwiplib.o
    0x000084fc   0x000084fc   0x000000e8   Code   RO         1135    i.tcp_listen_input  lwiplib.o
    0x000085e4   0x000085e4   0x00000088   Code   RO         1136    i.tcp_listen_with_backlog  lwiplib.o
    0x0000866c   0x0000866c   0x00000006   Code   RO         1137    i.tcp_new           lwiplib.o
    0x00008672   0x00008672   0x00000002   PAD
    0x00008674   0x00008674   0x0000005c   Code   RO         1138    i.tcp_new_port      lwiplib.o
    0x000086d0   0x000086d0   0x00000010   Code   RO         1139    i.tcp_next_iss      lwiplib.o
    0x000086e0   0x000086e0   0x00000070   Code   RO         1140    i.tcp_oos_insert_segment  lwiplib.o
    0x00008750   0x00008750   0x00000154   Code   RO         1141    i.tcp_output        lwiplib.o
    0x000088a4   0x000088a4   0x00000058   Code   RO         1142    i.tcp_output_alloc_header  lwiplib.o
    0x000088fc   0x000088fc   0x000000b4   Code   RO         1143    i.tcp_output_segment  lwiplib.o
    0x000089b0   0x000089b0   0x00000074   Code   RO         1144    i.tcp_parseopt      lwiplib.o
    0x00008a24   0x00008a24   0x0000004e   Code   RO         1145    i.tcp_pbuf_prealloc  lwiplib.o
    0x00008a72   0x00008a72   0x00000042   Code   RO         1146    i.tcp_pcb_purge     lwiplib.o
    0x00008ab4   0x00008ab4   0x00000058   Code   RO         1147    i.tcp_pcb_remove    lwiplib.o
    0x00008b0c   0x00008b0c   0x0000000a   Code   RO         1148    i.tcp_poll          lwiplib.o
    0x00008b16   0x00008b16   0x00000002   PAD
    0x00008b18   0x00008b18   0x00000310   Code   RO         1149    i.tcp_process       lwiplib.o
    0x00008e28   0x00008e28   0x00000066   Code   RO         1150    i.tcp_process_refused_data  lwiplib.o
    0x00008e8e   0x00008e8e   0x00000002   PAD
    0x00008e90   0x00008e90   0x00000654   Code   RO         1151    i.tcp_receive       lwiplib.o
    0x000094e4   0x000094e4   0x00000006   Code   RO         1152    i.tcp_recv          lwiplib.o
    0x000094ea   0x000094ea   0x00000024   Code   RO         1153    i.tcp_recv_null     lwiplib.o
    0x0000950e   0x0000950e   0x00000036   Code   RO         1154    i.tcp_recved        lwiplib.o
    0x00009544   0x00009544   0x00000044   Code   RO         1155    i.tcp_rexmit        lwiplib.o
    0x00009588   0x00009588   0x00000058   Code   RO         1156    i.tcp_rexmit_fast   lwiplib.o
    0x000095e0   0x000095e0   0x0000002e   Code   RO         1157    i.tcp_rexmit_rto    lwiplib.o
    0x0000960e   0x0000960e   0x00000002   PAD
    0x00009610   0x00009610   0x00000074   Code   RO         1158    i.tcp_rst           lwiplib.o
    0x00009684   0x00009684   0x00000024   Code   RO         1159    i.tcp_seg_copy      lwiplib.o
    0x000096a8   0x000096a8   0x0000001c   Code   RO         1160    i.tcp_seg_free      lwiplib.o
    0x000096c4   0x000096c4   0x00000012   Code   RO         1161    i.tcp_segs_free     lwiplib.o
    0x000096d6   0x000096d6   0x00000042   Code   RO         1162    i.tcp_send_empty_ack  lwiplib.o
    0x00009718   0x00009718   0x00000032   Code   RO         1163    i.tcp_send_fin      lwiplib.o
    0x0000974a   0x0000974a   0x00000004   Code   RO         1164    i.tcp_sent          lwiplib.o
    0x0000974e   0x0000974e   0x00000004   Code   RO         1165    i.tcp_setprio       lwiplib.o
    0x00009752   0x00009752   0x00000002   PAD
    0x00009754   0x00009754   0x00000280   Code   RO         1167    i.tcp_slowtmr       lwiplib.o
    0x000099d4   0x000099d4   0x00000028   Code   RO         1168    i.tcp_timer_needed  lwiplib.o
    0x000099fc   0x000099fc   0x00000060   Code   RO         1169    i.tcp_timewait_input  lwiplib.o
    0x00009a5c   0x00009a5c   0x00000020   Code   RO         1170    i.tcp_tmr           lwiplib.o
    0x00009a7c   0x00009a7c   0x00000034   Code   RO         1171    i.tcp_update_rcv_ann_wnd  lwiplib.o
    0x00009ab0   0x00009ab0   0x000002f4   Code   RO         1172    i.tcp_write         lwiplib.o
    0x00009da4   0x00009da4   0x00000090   Code   RO         1173    i.tcp_zero_window_probe  lwiplib.o
    0x00009e34   0x00009e34   0x0000005c   Code   RO         1174    i.tcpip_callback_with_block  lwiplib.o
    0x00009e90   0x00009e90   0x00000048   Code   RO         1177    i.tcpip_init        lwiplib.o
    0x00009ed8   0x00009ed8   0x0000004c   Code   RO         1178    i.tcpip_input       lwiplib.o
    0x00009f24   0x00009f24   0x0000002c   Code   RO         1179    i.tcpip_tcp_timer   lwiplib.o
    0x00009f50   0x00009f50   0x0000007c   Code   RO         1180    i.tcpip_thread      lwiplib.o
    0x00009fcc   0x00009fcc   0x000000bc   Code   RO         1184    i.tivaif_hwinit     lwiplib.o
    0x0000a088   0x0000a088   0x00000034   Code   RO         1185    i.tivaif_init       lwiplib.o
    0x0000a0bc   0x0000a0bc   0x00000048   Code   RO         1186    i.tivaif_interrupt  lwiplib.o
    0x0000a104   0x0000a104   0x00000088   Code   RO         1187    i.tivaif_process_phy_interrupt  lwiplib.o
    0x0000a18c   0x0000a18c   0x00000058   Code   RO         1188    i.tivaif_process_transmit  lwiplib.o
    0x0000a1e4   0x0000a1e4   0x0000019c   Code   RO         1189    i.tivaif_receive    lwiplib.o
    0x0000a380   0x0000a380   0x00000140   Code   RO         1190    i.tivaif_transmit   lwiplib.o
    0x0000a4c0   0x0000a4c0   0x00000098   Code   RO         1191    i.udp_bind          lwiplib.o
    0x0000a558   0x0000a558   0x0000004c   Code   RO         1192    i.udp_connect       lwiplib.o
    0x0000a5a4   0x0000a5a4   0x000001a4   Code   RO         1195    i.udp_input         lwiplib.o
    0x0000a748   0x0000a748   0x0000001a   Code   RO         1196    i.udp_new           lwiplib.o
    0x0000a762   0x0000a762   0x00000006   Code   RO         1197    i.udp_recv          lwiplib.o
    0x0000a768   0x0000a768   0x0000002c   Code   RO         1198    i.udp_remove        lwiplib.o
    0x0000a794   0x0000a794   0x00000038   Code   RO         1200    i.udp_sendto        lwiplib.o
    0x0000a7cc   0x0000a7cc   0x000000b8   Code   RO         1201    i.udp_sendto_if     lwiplib.o
    0x0000a884   0x0000a884   0x00000012   Code   RO         3361    i.usnprintf         ustdlib.o
    0x0000a896   0x0000a896   0x00000024   Code   RO         3369    i.ustrncpy          ustdlib.o
    0x0000a8ba   0x0000a8ba   0x00000002   PAD
    0x0000a8bc   0x0000a8bc   0x00000250   Code   RO         3373    i.uvsnprintf        ustdlib.o
    0x0000ab0c   0x0000ab0c   0x00000024   Code   RO          805    i.uxListRemove      list.o
    0x0000ab30   0x0000ab30   0x0000000c   Code   RO         3018    i.uxTaskGetNumberOfTasks  tasks.o
    0x0000ab3c   0x0000ab3c   0x00000224   Code   RO          635    i.vApplicationIdleHook  idle_task.o
    0x0000ad60   0x0000ad60   0x0000009c   Code   RO          205    i.vApplicationStackOverflowHook  freertos_demo.o
    0x0000adfc   0x0000adfc   0x00000016   Code   RO          806    i.vListInitialise   list.o
    0x0000ae12   0x0000ae12   0x00000006   Code   RO          807    i.vListInitialiseItem  list.o
    0x0000ae18   0x0000ae18   0x00000030   Code   RO          808    i.vListInsert       list.o
    0x0000ae48   0x0000ae48   0x00000018   Code   RO          809    i.vListInsertEnd    list.o
    0x0000ae60   0x0000ae60   0x0000001c   Code   RO         2676    i.vPortEnterCritical  port.o
    0x0000ae7c   0x0000ae7c   0x00000014   Code   RO         2677    i.vPortExitCritical  port.o
    0x0000ae90   0x0000ae90   0x0000003c   Code   RO          460    i.vPortFree         heap_2.o
    0x0000aecc   0x0000aecc   0x00000014   Code   RO         2678    i.vPortSetupTimerInterrupt  port.o
    0x0000aee0   0x0000aee0   0x00000054   Code   RO         3025    i.vTaskDelay        tasks.o
    0x0000af34   0x0000af34   0x00000070   Code   RO         3026    i.vTaskDelayUntil   tasks.o
    0x0000afa4   0x0000afa4   0x00000090   Code   RO         3027    i.vTaskDelete       tasks.o
    0x0000b034   0x0000b034   0x0000000c   Code   RO         3029    i.vTaskMissedYield  tasks.o
    0x0000b040   0x0000b040   0x00000050   Code   RO         3031    i.vTaskPlaceOnEventList  tasks.o
    0x0000b090   0x0000b090   0x00000084   Code   RO         3033    i.vTaskPriorityInherit  tasks.o
    0x0000b114   0x0000b114   0x00000010   Code   RO         3037    i.vTaskSetTimeOutState  tasks.o
    0x0000b124   0x0000b124   0x00000054   Code   RO         3038    i.vTaskStartScheduler  tasks.o
    0x0000b178   0x0000b178   0x00000010   Code   RO         3040    i.vTaskSuspendAll   tasks.o
    0x0000b188   0x0000b188   0x00000070   Code   RO         3041    i.vTaskSwitchContext  tasks.o
    0x0000b1f8   0x0000b1f8   0x00000040   Code   RO         2679    i.xPortStartScheduler  port.o
    0x0000b238   0x0000b238   0x0000002c   Code   RO         2680    i.xPortSysTickHandler  port.o
    0x0000b264   0x0000b264   0x00000048   Code   RO         2754    i.xQueueGenericCreate  queue.o
    0x0000b2ac   0x0000b2ac   0x0000012c   Code   RO         2755    i.xQueueGenericReceive  queue.o
    0x0000b3d8   0x0000b3d8   0x00000070   Code   RO         2756    i.xQueueGenericReset  queue.o
    0x0000b448   0x0000b448   0x00000100   Code   RO         2757    i.xQueueGenericSend  queue.o
    0x0000b548   0x0000b548   0x00000060   Code   RO         2758    i.xQueueGenericSendFromISR  queue.o
    0x0000b5a8   0x0000b5a8   0x00000048   Code   RO         3042    i.xTaskCheckForTimeOut  tasks.o
    0x0000b5f0   0x0000b5f0   0x00000188   Code   RO         3043    i.xTaskGenericCreate  tasks.o
    0x0000b778   0x0000b778   0x0000000c   Code   RO         3047    i.xTaskGetTickCount  tasks.o
    0x0000b784   0x0000b784   0x000000b4   Code   RO         3049    i.xTaskIncrementTick  tasks.o
    0x0000b838   0x0000b838   0x00000070   Code   RO         3052    i.xTaskPriorityDisinherit  tasks.o
    0x0000b8a8   0x0000b8a8   0x00000064   Code   RO         3053    i.xTaskRemoveFromEventList  tasks.o
    0x0000b90c   0x0000b90c   0x000000b0   Code   RO         3055    i.xTaskResumeAll    tasks.o
    0x0000b9bc   0x0000b9bc   0x000030db   Data   RO          188    .constdata          frame.o
    0x0000ea97   0x0000ea97   0x000000ea   Data   RO          261    .constdata          fs.o
    0x0000eb81   0x0000eb81   0x00000293   Data   RO          262    .constdata          fs.o
    0x0000ee14   0x0000ee14   0x00000a3c   Data   RO          263    .constdata          fs.o
    0x0000f850   0x0000f850   0x000006b4   Data   RO          264    .constdata          fs.o
    0x0000ff04   0x0000ff04   0x000006c3   Data   RO          265    .constdata          fs.o
    0x000105c7   0x000105c7   0x00000367   Data   RO          266    .constdata          fs.o
    0x0001092e   0x0001092e   0x000005b9   Data   RO          267    .constdata          fs.o
    0x00010ee7   0x00010ee7   0x0000042a   Data   RO          268    .constdata          fs.o
    0x00011311   0x00011311   0x0000da18   Data   RO          269    .constdata          fs.o
    0x0001ed29   0x0001ed29   0x00001f6c   Data   RO          270    .constdata          fs.o
    0x00020c95   0x00020c95   0x00002043   Data   RO          271    .constdata          fs.o
    0x00022cd8   0x00022cd8   0x00001ce3   Data   RO          272    .constdata          fs.o
    0x000249bb   0x000249bb   0x000018f9   Data   RO          273    .constdata          fs.o
    0x000262b4   0x000262b4   0x00000e6b   Data   RO          274    .constdata          fs.o
    0x0002711f   0x0002711f   0x00012f21   Data   RO          275    .constdata          fs.o
    0x0003a040   0x0003a040   0x000002da   Data   RO          276    .constdata          fs.o
    0x0003a31a   0x0003a31a   0x00027fb8   Data   RO          277    .constdata          fs.o
    0x000622d2   0x000622d2   0x00003c21   Data   RO          278    .constdata          fs.o
    0x00065ef3   0x00065ef3   0x00000ceb   Data   RO          279    .constdata          fs.o
    0x00066bde   0x00066bde   0x00000305   Data   RO          280    .constdata          fs.o
    0x00066ee3   0x00066ee3   0x000005ad   Data   RO          281    .constdata          fs.o
    0x00067490   0x00067490   0x00000f39   Data   RO          282    .constdata          fs.o
    0x000683c9   0x000683c9   0x00000295   Data   RO          283    .constdata          fs.o
    0x0006865e   0x0006865e   0x00000363   Data   RO          284    .constdata          fs.o
    0x000689c1   0x000689c1   0x000001e3   Data   RO          285    .constdata          fs.o
    0x00068ba4   0x00068ba4   0x0000069f   Data   RO          286    .constdata          fs.o
    0x00069243   0x00069243   0x00000001   PAD
    0x00069244   0x00069244   0x00000014   Data   RO          287    .constdata          fs.o
    0x00069258   0x00069258   0x00000014   Data   RO          288    .constdata          fs.o
    0x0006926c   0x0006926c   0x00000014   Data   RO          289    .constdata          fs.o
    0x00069280   0x00069280   0x00000014   Data   RO          290    .constdata          fs.o
    0x00069294   0x00069294   0x00000014   Data   RO          291    .constdata          fs.o
    0x000692a8   0x000692a8   0x00000014   Data   RO          292    .constdata          fs.o
    0x000692bc   0x000692bc   0x00000014   Data   RO          293    .constdata          fs.o
    0x000692d0   0x000692d0   0x00000014   Data   RO          294    .constdata          fs.o
    0x000692e4   0x000692e4   0x00000014   Data   RO          295    .constdata          fs.o
    0x000692f8   0x000692f8   0x00000014   Data   RO          296    .constdata          fs.o
    0x0006930c   0x0006930c   0x00000014   Data   RO          297    .constdata          fs.o
    0x00069320   0x00069320   0x00000014   Data   RO          298    .constdata          fs.o
    0x00069334   0x00069334   0x00000014   Data   RO          299    .constdata          fs.o
    0x00069348   0x00069348   0x00000014   Data   RO          300    .constdata          fs.o
    0x0006935c   0x0006935c   0x00000014   Data   RO          301    .constdata          fs.o
    0x00069370   0x00069370   0x00000014   Data   RO          302    .constdata          fs.o
    0x00069384   0x00069384   0x00000014   Data   RO          303    .constdata          fs.o
    0x00069398   0x00069398   0x00000014   Data   RO          304    .constdata          fs.o
    0x000693ac   0x000693ac   0x00000014   Data   RO          305    .constdata          fs.o
    0x000693c0   0x000693c0   0x00000014   Data   RO          306    .constdata          fs.o
    0x000693d4   0x000693d4   0x00000014   Data   RO          307    .constdata          fs.o
    0x000693e8   0x000693e8   0x00000014   Data   RO          308    .constdata          fs.o
    0x000693fc   0x000693fc   0x00000014   Data   RO          309    .constdata          fs.o
    0x00069410   0x00069410   0x00000014   Data   RO          310    .constdata          fs.o
    0x00069424   0x00069424   0x00000014   Data   RO          311    .constdata          fs.o
    0x00069438   0x00069438   0x00000014   Data   RO          312    .constdata          fs.o
    0x0006944c   0x0006944c   0x00000130   Data   RO          521    .constdata          httpd.o
    0x0006957c   0x0006957c   0x0000000e   Data   RO          663    .constdata          images.o
    0x0006958a   0x0006958a   0x00000455   Data   RO          664    .constdata          images.o
    0x000699df   0x000699df   0x00000451   Data   RO          665    .constdata          images.o
    0x00069e30   0x00069e30   0x0000044d   Data   RO          666    .constdata          images.o
    0x0006a27d   0x0006a27d   0x00000452   Data   RO          667    .constdata          images.o
    0x0006a6cf   0x0006a6cf   0x00000455   Data   RO          668    .constdata          images.o
    0x0006ab24   0x0006ab24   0x0000044c   Data   RO          669    .constdata          images.o
    0x0006af70   0x0006af70   0x00000451   Data   RO          670    .constdata          images.o
    0x0006b3c1   0x0006b3c1   0x0000044d   Data   RO          671    .constdata          images.o
    0x0006b80e   0x0006b80e   0x0000043d   Data   RO          672    .constdata          images.o
    0x0006bc4b   0x0006bc4b   0x0000043b   Data   RO          673    .constdata          images.o
    0x0006c086   0x0006c086   0x0000043d   Data   RO          674    .constdata          images.o
    0x0006c4c3   0x0006c4c3   0x00000440   Data   RO          675    .constdata          images.o
    0x0006c903   0x0006c903   0x00000440   Data   RO          676    .constdata          images.o
    0x0006cd43   0x0006cd43   0x00000440   Data   RO          677    .constdata          images.o
    0x0006d183   0x0006d183   0x0000043d   Data   RO          678    .constdata          images.o
    0x0006d5c0   0x0006d5c0   0x00000440   Data   RO          679    .constdata          images.o
    0x0006da00   0x0006da00   0x00000028   Data   RO          705    .constdata          kentec320x240x16_ssd2119.o
    0x0006da28   0x0006da28   0x00000200   Data   RO          905    .constdata          lwip_task.o
    0x0006dc28   0x0006dc28   0x00000090   Data   RO         1204    .constdata          lwiplib.o
    0x0006dcb8   0x0006dcb8   0x00000040   Data   RO         2948    .constdata          spider_task.o
    0x0006dcf8   0x0006dcf8   0x0000004c   Data   RO         3374    .constdata          ustdlib.o
    0x0006dd44   0x0006dd44   0x00000018   Data   RO         3551    .constdata          driverlib.lib(emac.o)
    0x0006dd5c   0x0006dd5c   0x0000010c   Data   RO         4316    .constdata          driverlib.lib(interrupt.o)
    0x0006de68   0x0006de68   0x00000254   Data   RO         4663    .constdata          driverlib.lib(sysctl.o)
    0x0006e0bc   0x0006e0bc   0x00000010   Data   RO         5197    .constdata          grlib.lib(context.o)
    0x0006e0cc   0x0006e0cc   0x0000095e   Data   RO         5235    .constdata          grlib.lib(fontcm20.o)
    0x0006ea2a   0x0006ea2a   0x00000002   PAD
    0x0006ea2c   0x0006ea2c   0x000000c8   Data   RO         5236    .constdata          grlib.lib(fontcm20.o)
    0x0006eaf4   0x0006eaf4   0x00000782   Data   RO         5249    .constdata          grlib.lib(fontcmss18b.o)
    0x0006f276   0x0006f276   0x00000002   PAD
    0x0006f278   0x0006f278   0x000000c8   Data   RO         5250    .constdata          grlib.lib(fontcmss18b.o)
    0x0006f340   0x0006f340   0x000002f8   Data   RO         5263    .constdata          grlib.lib(fontfixed6x8.o)
    0x0006f638   0x0006f638   0x000000c8   Data   RO         5264    .constdata          grlib.lib(fontfixed6x8.o)
    0x0006f700   0x0006f700   0x00000440   Data   RO          522    .conststring        httpd.o
    0x0006fb40   0x0006fb40   0x00000248   Data   RO          906    .conststring        lwip_task.o
    0x0006fd88   0x0006fd88   0x00000075   Data   RO         1205    .conststring        lwiplib.o
    0x0006fdfd   0x0006fdfd   0x00000003   PAD
    0x0006fe00   0x0006fe00   0x00000011   Data   RO         3375    .conststring        ustdlib.o
    0x0006fe11   0x0006fe11   0x00000003   PAD
    0x0006fe14   0x0006fe14   0x00000020   Data   RO         5701    Region$$Table       anon$$obj.o


    Execution Region RW_IRAM (Exec base: 0x20000000, Load base: 0x0006fe34, Size: 0x00021770, Max: 0x00040000, ABSOLUTE, COMPRESSED[0x00000074])

    Exec Addr    Load Addr    Size         Type   Attr      Idx    E Section Name        Object

    0x20000000   COMPRESSED   0x00000010   Data   RW          125    .data               display_task.o
    0x20000010   COMPRESSED   0x00000004   Data   RW          206    .data               freertos_demo.o
    0x20000014   COMPRESSED   0x00000018   Data   RW          464    .data               heap_2.o
    0x2000002c   COMPRESSED   0x00000014   Data   RW          523    .data               httpd.o
    0x20000040   COMPRESSED   0x0000002c   Data   RW          638    .data               idle_task.o
    0x2000006c   COMPRESSED   0x00000004   Data   RW          784    .data               led_task.o
    0x20000070   COMPRESSED   0x000000c8   Data   RW         1206    .data               lwiplib.o
    0x20000138   COMPRESSED   0x00000010   Data   RW         1207    .data               lwiplib.o
    0x20000148   COMPRESSED   0x00000004   Data   RW         2681    .data               port.o
    0x2000014c   COMPRESSED   0x00000008   Data   RW         2913    .data               random.o
    0x20000154   COMPRESSED   0x00000058   Data   RW         2949    .data               spider_task.o
    0x200001ac   COMPRESSED   0x00000038   Data   RW         3058    .data               tasks.o
    0x200001e4   COMPRESSED   0x00000010   Data   RW         3317    .data               touch.o
    0x200001f4   COMPRESSED   0x00000004   Data   RW         5198    .data               grlib.lib(context.o)
    0x200001f8        -       0x00004f10   Zero   RW          463    .bss                heap_2.o
    0x20005108        -       0x00000024   Zero   RW          637    .bss                idle_task.o
    0x2000512c        -       0x00000054   Zero   RW          849    .bss                locator.o
    0x20005180        -       0x000000f8   Zero   RW          904    .bss                lwip_task.o
    0x20005278        -       0x0001b1e0   Zero   RW         1202    .bss                lwiplib.o
    0x20020458        -       0x00000040   Zero   RW         2912    .bss                random.o
    0x20020498        -       0x00000100   Zero   RW         2947    .bss                spider_task.o
    0x20020598        -       0x000001a4   Zero   RW         3057    .bss                tasks.o
    0x2002073c        -       0x00000010   Zero   RW         3315    .bss                touch.o
    0x2002074c        -       0x00000020   Zero   RW         5281    .bss                grlib.lib(image.o)
    0x2002076c   COMPRESSED   0x00000004   PAD
    0x20020770        -       0x00001000   Zero   RW         3003    STACK               startup_rvmdk.o


==============================================================================

Image component sizes


      Code (inc. data)   RO Data    RW Data    ZI Data      Debug   Object Name

       200          0          0          0          0       8693   cgifuncs.o
         0          0          0          0          0      10492   croutine.o
       396         50          0         16          0      33126   display_task.o
       528         32      12507          0          0       1924   frame.o
       844        220          0          4          0       2836   freertos_demo.o
       158          6     371124          0          0      21866   fs.o
       240         12          0         24      20240       5051   heap_2.o
      2884        176       1392         20          0      28402   httpd.o
      1128         78          0         44         36       3826   idle_task.o
         0          0      17540          0          0       1709   images.o
      1410         28         40          0          0      14429   kentec320x240x16_ssd2119.o
       136         24          0          4          0       1383   led_task.o
       136          0          0          0          0       3682   list.o
       296         26          0          0         84       3531   locator.o
       476        132       1096          0        248       5658   lwip_task.o
     23576        966        261        216     111072     241228   lwiplib.o
      1044        164          0          0          0        892   pinout.o
       414         52          0          4          0      16340   port.o
      1084         14          0          0          0      18689   queue.o
       412         46          0          8         64       3079   random.o
      1204        102         64         88        256       8169   spider_task.o
       540        514          0          0       4096        272   startup_rvmdk.o
      2054        194          0         56        420      21928   tasks.o
       896        100          0         16         16       4677   touch.o
       646         12         93          0          0       5032   ustdlib.o

    ----------------------------------------------------------------------
     40746       2948     404156        500     136532     466914   Object Totals
         0          0         32          0          0          0   (incl. Generated)
        44          0          7          0          0          0   (incl. Padding)

    ----------------------------------------------------------------------

      Code (inc. data)   RO Data    RW Data    ZI Data      Debug   Library Member Name

        38          0          0          0          0        544   cpu.o
       752         38         24          0          0      29375   emac.o
       414          0          0          0          0       4057   gpio.o
       154         12        268          0          0       2523   interrupt.o
       130          0          0          0          0       7942   lcd.o
       910         60        596          0          0       6716   sysctl.o
        80         10          0          0          0        654   timer.o
         8          0          0          0          0       1418   charmap.o
       212         12         16          4          0      30092   context.o
         0          0       2598          0          0      25638   fontcm20.o
         0          0       2122          0          0      25646   fontcmss18b.o
         0          0        960          0          0      25658   fontfixed6x8.o
      1582          6          0          0         32       5070   image.o
       638          0          0          0          0       2735   line.o
      1474          0          0          0          0       9206   string.o
        86          0          0          0          0          0   __dczerorl2.o
         0          0          0          0          0          0   entry.o
         0          0          0          0          0          0   entry10a.o
         0          0          0          0          0          0   entry11a.o
         8          4          0          0          0          0   entry2.o
         4          0          0          0          0          0   entry5.o
         0          0          0          0          0          0   entry7b.o
         0          0          0          0          0          0   entry8b.o
         8          4          0          0          0          0   entry9a.o
        30          0          0          0          0          0   handlers.o
        36          8          0          0          0         68   init.o
        26          0          0          0          0         80   memcmp.o
        36          0          0          0          0         68   memcpya.o
        36          0          0          0          0        108   memseta.o
        20          0          0          0          0         68   strchr.o
        28          0          0          0          0         76   strcmp.o
        14          0          0          0          0         68   strlen.o
        30          0          0          0          0         80   strncmp.o
        36          0          0          0          0         80   strstr.o

    ----------------------------------------------------------------------
      6802        154       6588          4         36     177970   Library Totals
        12          0          4          0          4          0   (incl. Padding)

    ----------------------------------------------------------------------

      Code (inc. data)   RO Data    RW Data    ZI Data      Debug   Library Name

      2478        120        888          0          0      51811   driverlib.lib
      3914         18       5696          4         32     125463   grlib.lib
       398         16          0          0          0        696   mc_w.l

    ----------------------------------------------------------------------
      6802        154       6588          4         36     177970   Library Totals

    ----------------------------------------------------------------------

==============================================================================


      Code (inc. data)   RO Data    RW Data    ZI Data      Debug   

     47548       3102     410744        504     136568     608356   Grand Totals
     47548       3102     410744        116     136568     608356   ELF Image Totals (compressed)
     47548       3102     410744        116          0          0   ROM Totals

==============================================================================

    Total RO  Size (Code + RO Data)               458292 ( 447.55kB)
    Total RW  Size (RW Data + ZI Data)            137072 ( 133.86kB)
    Total ROM Size (Code + RO Data + RW Data)     458408 ( 447.66kB)

==============================================================================

