<html>
<body>
<pre>
<h1>µVision Build Log</h1>
<h2>Tool Versions:</h2>
IDE-Version: µVision V5.24.2.0
Copyright (C) 2017 ARM Ltd and ARM Germany GmbH. All rights reserved.
License Information: Anh Anh_PT, MCUT, LIC=ATTJJ-UAH3K-62ULB-2JFIR-6PJ1I-5FZ5K
 
Tool Versions:
Toolchain:       MDK-ARM Plus  Version: 5.24.1
Toolchain Path:  C:\Keil_v5\ARM\ARMCC\Bin
C Compiler:      Armcc.exe V5.06 update 5 (build 528)
Assembler:       Armasm.exe V5.06 update 5 (build 528)
Linker/Locator:  ArmLink.exe V5.06 update 5 (build 528)
Library Manager: ArmAr.exe V5.06 update 5 (build 528)
Hex Converter:   FromElf.exe V5.06 update 5 (build 528)
CPU DLL:         SARMCM3.DLL V5.24.1
Dialog DLL:      DCM.DLL V1.16.0.0
Target DLL:      lmidk-agdi.dll V???
Dialog DLL:      TCM.DLL V1.32.0.0
 
<h2>Project:</h2>
C:\ti\TivaWare_C_Series-2.1.4.178\examples\boards\dk-tm4c129x\freertos_demo\freertos_demo.uvproj
Project File Date:  07/01/2020

<h2>Output:</h2>
*** Using Compiler 'V5.06 update 5 (build 528)', folder: 'C:\Keil_v5\ARM\ARMCC\Bin'
Build target 'freertos_demo'
compiling croutine.c...
compiling display_task.c...
compiling cgifuncs.c...
compiling frame.c...
compiling heap_2.c...
compiling freertos_demo.c...
compiling idle_task.c...
compiling httpd.c...
compiling images.c...
compiling led_task.c...
compiling kentec320x240x16_ssd2119.c...
compiling fs.c...
compiling list.c...
compiling locator.c...
compiling lwip_task.c...
compiling pinout.c...
compiling queue.c...
compiling port.c...
compiling random.c...
compiling spider_task.c...
assembling startup_rvmdk.S...
compiling timers.c...
compiling tasks.c...
compiling touch.c...
compiling ustdlib.c...
compiling lwiplib.c...
..\..\..\..\third_party/lwip-1.4.1/src/core/tcp_out.c(845): warning:  #550-D: variable "tcphdr"  was set but never used
    struct tcp_hdr *tcphdr;
..\..\..\..\third_party/lwip-1.4.1/src/core/tcp_out.c(1367): warning:  #550-D: variable "tcphdr"  was set but never used
    struct tcp_hdr *tcphdr;
..\..\..\..\third_party/lwip-1.4.1/ports/tiva-tm4c129/sys_arch.c(589): warning:  #167-D: argument of type "signed char *" is incompatible with parameter of type "const char *const"
    if(xTaskCreate(sys_arch_thread, (signed portCHAR *)name,
..\..\..\..\utils\lwiplib.c(727): warning:  #167-D: argument of type "signed char *" is incompatible with parameter of type "const char *const"
      xTaskCreate(lwIPInterruptTask, (signed portCHAR *)"eth_int",
..\..\..\..\utils\lwiplib.c: 4 warnings, 0 errors
linking...
Program Size: Code=47548 RO-data=410744 RW-data=504 ZI-data=136568  
After Build - User command #1: fromelf --bin --output .\rvmdk\freertos_demo.bin .\rvmdk\freertos_demo.axf
".\rvmdk\freertos_demo.axf" - 0 Error(s), 4 Warning(s).
Build Time Elapsed:  00:00:13
</pre>
</body>
</html>
